C51 COMPILER V9.52.0.0   LCD                                                               12/26/2014 07:01:17 PAGE 1   


C51 COMPILER V9.52.0.0, COMPILATION OF MODULE LCD
OBJECT MODULE PLACED IN LCD.OBJ
COMPILER INVOKED BY: G:\Program Files\Keil\C51\BIN\C51.EXE LCD.c BROWSE DEBUG OBJECTEXTEND TABS(2)

line level    source

   1          #include<reg52.h> //including sfr registers for ports of the controller
   2          #include<lcd.h>
   3          
   4          //LCD Module Connections
   5          sbit RS = P0^0;
   6          sbit EN = P0^1;
   7          sbit D0 = P2^0;
   8          sbit D1 = P2^1;
   9          sbit D2 = P2^2;
  10          sbit D3 = P2^3;
  11          sbit D4 = P2^4;
  12          sbit D5 = P2^5;
  13          sbit D6 = P2^6;
  14          sbit D7 = P2^7;
  15          //End LCD Module Connections
  16          
  17          //Keypad Connections
  18          sbit R1 = P1^0;
  19          sbit R2 = P1^1;
  20          sbit R3 = P1^2;
  21          sbit R4 = P1^3;
  22          sbit C1 = P1^4;
  23          sbit C2 = P1^5;
  24          sbit C3 = P1^6;
  25          sbit C4 = P1^7;
  26          //End Keypad Connections
  27          sbit motor_pin_1 = P3^5;
  28          sbit motor_pin_2 = P3^6;
  29          char ans[2];
  30          void Delay(int a)
  31          {
  32   1        int j;
  33   1        int i;
  34   1        for(i=0;i<a;i++)
  35   1        {
  36   2          for(j=0;j<100;j++)
  37   2          {
  38   3          }
  39   2        }
  40   1      }
  41          
  42          char Read_Keypad()
  43          {
  44   1        C1=1;
  45   1        C2=1;
  46   1        C3=1;
  47   1        C4=1;
  48   1        R1=0;
  49   1        R2=1;
  50   1        R3=1;
  51   1        R4=1;
  52   1        if(C1==0){Delay(100);while(C1==0);return '1';}
  53   1        if(C2==0){Delay(100);while(C2==0);return '2';}
  54   1        if(C3==0){Delay(100);while(C3==0);return '3';}
  55   1        if(C4==0){Delay(100);while(C4==0);return 'A';}
C51 COMPILER V9.52.0.0   LCD                                                               12/26/2014 07:01:17 PAGE 2   

  56   1        R1=1;
  57   1        R2=0;
  58   1        R3=1;
  59   1        R4=1;
  60   1        if(C1==0){Delay(100);while(C1==0);return '4';}
  61   1        if(C2==0){Delay(100);while(C2==0);return '5';}
  62   1        if(C3==0){Delay(100);while(C3==0);return '6';}
  63   1        if(C4==0){Delay(100);while(C4==0);return 'B';}
  64   1        R1=1;
  65   1        R2=1;
  66   1        R3=0;
  67   1        R4=1;
  68   1        if(C1==0){Delay(100);while(C1==0);return '7';}
  69   1        if(C2==0){Delay(100);while(C2==0);return '8';}
  70   1        if(C3==0){Delay(100);while(C3==0);return '9';}
  71   1        if(C4==0){Delay(100);while(C4==0);return 'C';}
  72   1        R1=1;
  73   1        R2=1;
  74   1        R3=1;
  75   1        R4=0;
  76   1        if(C1==0){Delay(100);while(C1==0);return '*';}
  77   1        if(C2==0){Delay(100);while(C2==0);return '0';}
  78   1        if(C3==0){Delay(100);while(C3==0);return '#';}
  79   1        if(C4==0){Delay(100);while(C4==0);return 'D';}
  80   1        return 0;
  81   1      }
  82          ask_question(int q)
  83          {
  84   1        int j=0;
  85   1        switch(q)
  86   1        {
  87   2           case 1:
  88   2              Lcd8_Set_Cursor(1,1);
  89   2              Lcd8_Write_String("question 1");   
  90   2              Lcd8_Set_Cursor(2,1);
  91   2              Lcd8_Write_String("1) sds 2)dfg 3)xdgdf 4)xdvxd"); 
  92   2              ans[0]='2';
  93   2           break;
  94   2           case 2:
  95   2              Lcd8_Set_Cursor(1,1);
  96   2              Lcd8_Write_String("question 2");   
  97   2              Lcd8_Set_Cursor(2,1);
  98   2              Lcd8_Write_String("1) sds 2)dfg 3)xdgdf 4)xdvxd"); 
  99   2              ans[0]='1';
 100   2           break;
 101   2          case 3:
 102   2              Lcd8_Set_Cursor(1,1);
 103   2              Lcd8_Write_String("question 3");   
 104   2              Lcd8_Set_Cursor(2,1);
 105   2              Lcd8_Write_String("1) sds 2)dfg 3)xdgdf 4)xdvxd"); 
 106   2              ans[0]='4';
 107   2          break;
 108   2        }
 109   1      
 110   1      for(j=0;j<15;j++)
 111   1      {
 112   2            Delay(1000);
 113   2            Lcd8_Shift_Left();
 114   2      }
 115   1      
 116   1      }
 117          
C51 COMPILER V9.52.0.0   LCD                                                               12/26/2014 07:01:17 PAGE 3   

 118          void main()
 119          {
 120   1       int flag=0, i=0, qno=1;
 121   1       char c,p;
 122   1       char key[2];
 123   1      
 124   1        
 125   1       Lcd8_Init();
 126   1      
 127   1      Lcd8_Set_Cursor(1,1);
 128   1      Lcd8_Write_String("welcome to quiz game");
 129   1      Lcd8_Set_Cursor(2,1);
 130   1      Lcd8_Write_String("Press #");
 131   1      while(1)
 132   1      {
 133   2      Delay(100);
 134   2      while(!(c = Read_Keypad()));
 135   2      if (c == '#')
 136   2      {
 137   3      Lcd8_Clear();
 138   3      ask_question(qno);
 139   3      flag = 1;
 140   3      i=0;
 141   3      }
 142   2      else if (flag == 1)
 143   2      {
 144   3      key[i] = c;
 145   3      i++;
 146   3      
 147   3      if( i == 1)
 148   3      {
 149   4      Delay(200);
 150   4      if(key[0] == ans[0])
 151   4      {
 152   5      Lcd8_Clear();
 153   5      Lcd8_Set_Cursor(1,1);
 154   5      Lcd8_Write_String("Correct Answer");
 155   5        qno++;
 156   5        if(qno == 4)
 157   5          qno=1;
 158   5      }
 159   4      else
 160   4      {
 161   5      Lcd8_Clear();
 162   5      Lcd8_Set_Cursor(1,1);
 163   5      Lcd8_Write_String("Wrong Answer");  
 164   5      }
 165   4      Delay(1000);
 166   4      flag =0;
 167   4      Lcd8_Set_Cursor(2,1);
 168   4      Lcd8_Write_String("Press #");
 169   4      i=0;
 170   4      }
 171   3      }
 172   2      }
 173   1      }
*** WARNING C280 IN LINE 121 OF LCD.c: 'p': unreferenced local variable
*** WARNING C290 IN LINE 84 OF LCD.c: missing return value
*** WARNING C290 IN LINE 176 OF LCD.c: missing return value
*** WARNING C290 IN LINE 116 OF LCD.c: missing return value


C51 COMPILER V9.52.0.0   LCD                                                               12/26/2014 07:01:17 PAGE 4   

MODULE INFORMATION:   STATIC OVERLAYABLE
   CODE SIZE        =   1199    ----
   CONSTANT SIZE    =    119    ----
   XDATA SIZE       =   ----    ----
   PDATA SIZE       =   ----    ----
   DATA SIZE        =      2      27
   IDATA SIZE       =   ----    ----
   BIT SIZE         =   ----    ----
END OF MODULE INFORMATION.


C51 COMPILATION COMPLETE.  4 WARNING(S),  0 ERROR(S)
