C51 COMPILER V9.52.0.0   4                                                                 03/19/2015 11:18:21 PAGE 1   


C51 COMPILER V9.52.0.0, COMPILATION OF MODULE 4
OBJECT MODULE PLACED IN 4.OBJ
COMPILER INVOKED BY: G:\Program Files\Keil\C51\BIN\C51.EXE 4.c BROWSE DEBUG OBJECTEXTEND TABS(2)

line level    source

   1          #include<reg52.h>              //including sfr registers for ports of the controller
   2          #include<lcd.h>
   3          
   4          //LCD Module Connections
   5          sbit RS = P0^0;                                                                   
   6          sbit EN = P0^1;                            
   7          sbit D0 = P2^0;
   8          sbit D1 = P2^1;
   9          sbit D2 = P2^2;
  10          sbit D3 = P2^3;
  11          sbit D4 = P2^4;
  12          sbit D5 = P2^5;
  13          sbit D6 = P2^6;
  14          sbit D7 = P2^7;
  15          sbit soil_sensor = P0^3;
  16          sbit motor_pin_1 = P3^0;
  17          sbit motor_pin_2 = P3^1;
  18          
  19          //End LCD Module Connections
  20          void Delay(int a)
  21          {
  22   1          int j;
  23   1          int i;
  24   1          for(i=0;i<a;i++)
  25   1          {
  26   2              for(j=0;j<100;j++)
  27   2              {
  28   3              }
  29   2          }
  30   1      }
  31          void main()
  32          {
  33   1          int i;
  34   1        P0 = 0xFF;
  35   1        P3 = 0x00;
  36   1      
  37   1        Lcd8_init();                                  
*** WARNING C206 IN LINE 37 OF 4.c: 'Lcd8_init': missing function-prototype
  38   1          Lcd8_Set_Cursor(1,1);
  39   1          Lcd8_Write_String("Solar Based");
  40   1          Lcd8_Set_Cursor(2,1);
  41   1          Lcd8_Write_String("Irrigation Sys");
  42   1          for(i=0;i<15;i++)
  43   1          {
  44   2            Delay(1000);
  45   2            Lcd8_Shift_Left();
  46   2          }
  47   1          for(i=0;i<15;i++)
  48   1          {
  49   2            Delay(1000);
  50   2            Lcd8_Shift_Right();
  51   2          }
  52   1          Delay(3000);
  53   1        
  54   1         while(1)
C51 COMPILER V9.52.0.0   4                                                                 03/19/2015 11:18:21 PAGE 2   

  55   1        {                                   
  56   2          if(soil_sensor == 0xFF)
  57   2          {
  58   3          Lcd8_Set_Cursor(1,1);
  59   3          Lcd8_Write_String("Wet Condition");
  60   3          Lcd8_Set_Cursor(2,1);
  61   3          Lcd8_Write_String("Motor Off");
  62   3          motor_pin_1 = 1;
  63   3          motor_pin_2 = 1; //Rotates Motor Anit Clockwise
  64   3          Delay(1000);
  65   3          }
  66   2          if(soil_sensor == 0x00)
  67   2          {
  68   3          Lcd8_Set_Cursor(1,1);
  69   3          Lcd8_Write_String("Dry Condition");
  70   3          Lcd8_Set_Cursor(2,1);
  71   3          Lcd8_Write_String("Motor On");
  72   3          motor_pin_1 = 1;
  73   3          motor_pin_2 = 0; //Stops Motor
  74   3          Delay(1000);
  75   3        
  76   3          }
  77   2      
  78   2           Delay(2000);
  79   2        }
  80   1      }
  81          
  82          
  83          
  84          
*** WARNING C290 IN LINE 84 OF 4.c: missing return value
*** WARNING C290 IN LINE 176 OF 4.c: missing return value


MODULE INFORMATION:   STATIC OVERLAYABLE
   CODE SIZE        =    783    ----
   CONSTANT SIZE    =     74    ----
   XDATA SIZE       =   ----    ----
   PDATA SIZE       =   ----    ----
   DATA SIZE        =   ----      15
   IDATA SIZE       =   ----    ----
   BIT SIZE         =   ----    ----
END OF MODULE INFORMATION.


C51 COMPILATION COMPLETE.  3 WARNING(S),  0 ERROR(S)
