C51 COMPILER V9.52.0.0   PUSH_SWITCH                                                       04/24/2015 16:47:26 PAGE 1   


C51 COMPILER V9.52.0.0, COMPILATION OF MODULE PUSH_SWITCH
OBJECT MODULE PLACED IN push switch.OBJ
COMPILER INVOKED BY: C:\Keil\C51\BIN\C51.EXE push switch.c BROWSE DEBUG OBJECTEXTEND TABS(2)

line level    source

   1          #include<reg52.h>
   2          //INPUT PIN
   3          sbit INPUT = P3^1;
   4          //OUTPUT PIN
   5          sbit OUTPUT = P2^0;
   6          int relay = 0;
   7           void Delay(int a)
   8           
   9             {
  10   1          int j;
  11   1          int i;
  12   1          for(i=0;i<a;i++)
  13   1          {
  14   2              for(j=0;j<100;j++)
  15   2              {
  16   3              }
  17   2          }
  18   1        }
  19              void main()
  20          {
  21   1          P3 = 0xFF; //Por0 used as a Input Port
  22   1          Delay(10);
  23   1          P2 = 0x00;  //Por3 used as a Output Port
  24   1          P3=0;
  25   1          Delay(10);
  26   1          
  27   1            while(1)
  28   1           {
  29   2            if(INPUT==1 )  // 1 - on
  30   2           {
  31   3               
  32   3               if(relay==0)
  33   3               {
  34   4                OUTPUT = 1;
  35   4                Delay(5000);
  36   4                relay = 1;
  37   4                while(INPUT==1); 
  38   4               }
  39   3              else
  40   3              {
  41   4                
  42   4                OUTPUT = 0;
  43   4                Delay(5000);
  44   4                 relay = 0;
  45   4              }       
  46   3              
  47   3            
  48   3              
  49   3            }
  50   2          }
  51   1          Delay(1000);
  52   1        }
*** WARNING C294 IN LINE 51 OF push switch.c: unreachable code


C51 COMPILER V9.52.0.0   PUSH_SWITCH                                                       04/24/2015 16:47:26 PAGE 2   

MODULE INFORMATION:   STATIC OVERLAYABLE
   CODE SIZE        =    101    ----
   CONSTANT SIZE    =   ----    ----
   XDATA SIZE       =   ----    ----
   PDATA SIZE       =   ----    ----
   DATA SIZE        =      2    ----
   IDATA SIZE       =   ----    ----
   BIT SIZE         =   ----    ----
END OF MODULE INFORMATION.


C51 COMPILATION COMPLETE.  1 WARNING(S),  0 ERROR(S)
