C51 COMPILER V9.53.0.0   4                                                                 08/02/2015 00:16:49 PAGE 1   


C51 COMPILER V9.53.0.0, COMPILATION OF MODULE 4
OBJECT MODULE PLACED IN 4.OBJ
COMPILER INVOKED BY: C:\Keil_v5\C51\BIN\C51.EXE 4.c OPTIMIZE(8,SPEED) BROWSE DEBUG OBJECTEXTEND

line level    source

   1          #include<reg52.h>                                                       
   2          #include<lcd.h>
   3          
   4          //LCD Module Connections
   5          sbit RS = P0^0;                                                                   
   6          sbit EN = P0^1;                            
   7          sbit D4 = P2^4;
   8          sbit D5 = P2^5;
   9          sbit D6 = P2^6;
  10          sbit D7 = P2^7;
  11          //End LCD Module Connections
  12          void Delay(int a)
  13          {
  14   1          int j;
  15   1          int i;
  16   1          for(i=0;i<a;i++)
  17   1          {
  18   2              for(j=0;j<100;j++)
  19   2              {
  20   3              }
  21   2          }
  22   1      }
  23          void main()
  24          {
  25   1              int i;
  26   1              Lcd4_init();                                  
*** WARNING C206 IN LINE 26 OF 4.c: 'Lcd4_init': missing function-prototype
  27   1        while(1)
  28   1        {                                   
  29   2          Lcd4_Set_Cursor(1,1);
  30   2                Lcd4_Write_String("Computronics Lab LCD Example");
  31   2                        Delay(5000);
  32   2              
  33   2                      for(i=0;i<18;i++)
  34   2                      {
  35   3                        Delay(1000);
  36   3                              Lcd4_Shift_Left();
  37   3                      }
  38   2                      
  39   2                      for(i=0;i<18;i++)
  40   2                      {
  41   3                              Delay(1000);
  42   3                              Lcd4_Shift_Right();
  43   3                      }
  44   2                      //Lcd4_Clear();
  45   2                      //Lcd4_Set_Cursor(2,1);
  46   2                      //Lcd4_Write_Char('H');
  47   2                      //Lcd4_Write_Char('I');
  48   2                      //Delay(2000);
  49   2        }
  50   1      }
  51          
  52          
  53          
  54          
C51 COMPILER V9.53.0.0   4                                                                 08/02/2015 00:16:49 PAGE 2   

*** WARNING C290 IN LINE 83 OF 4.c: missing return value
*** WARNING C290 IN LINE 175 OF 4.c: missing return value


MODULE INFORMATION:   STATIC OVERLAYABLE
   CODE SIZE        =    687    ----
   CONSTANT SIZE    =     29    ----
   XDATA SIZE       =   ----    ----
   PDATA SIZE       =   ----    ----
   DATA SIZE        =   ----      15
   IDATA SIZE       =   ----    ----
   BIT SIZE         =   ----    ----
END OF MODULE INFORMATION.


C51 COMPILATION COMPLETE.  3 WARNING(S),  0 ERROR(S)
