

HI-TECH Software PICC Macro Assembler V9.50PL2
                                                      Sat Feb 21 03:45:18 2015


     1                           	processor	16F877A
     2                           	opt	pw 79
     3                           	psect	text0,local,class=CODE,delta=2
     4                           	psect	text1,local,class=CODE,delta=2
     5  0000                     
     6  0000                     
     7  0000                     
     8  0000                     
     9  0000                     
    10  0000                     
    11  0000                     
    12  0000                     
    13  0000                     
    14  0000                     
    15                           
    16                           	psect	text0
    17  04CC                     _DelayMs
    18                           ;	_cnt assigned to ?a_DelayMs+0
    19  0000                     _DelayMs$cnt	set	?a_DelayMs
    20                           ;	_i assigned to ?a_DelayMs+1
    21  0000                     _DelayMs$i	set	?a_DelayMs+1
    22                           ;	__dcnt assigned to ?a_DelayMs+2
    23  0000                     _DelayMs$_dcnt	set	?a_DelayMs+2
    24                           ;_cnt stored from w
    25  04CC  0183               	clrf	3	;select bank 0
    26  04CD  00A8               	movwf	?a_DelayMs
    27  04CE                     l4
    28                           ;delay.c: 10: void
    29                           ;delay.c: 22: i = 4;
    30  04CE  3004               	movlw	4
    31  04CF  00A9               	movwf	?a_DelayMs+1
    32  04D0                     l7
    33                           ;delay.c: 23: do {
    34                           ;delay.c: 24: { unsigned char _dcnt; _dcnt = (2
      +                          50)/((12*1000L)/(4*1000L))|1; while(--_dcnt != 
      +                          0) continue; };
    35  04D0  3053               	movlw	83
    36  04D1  00AA               	movwf	?a_DelayMs+2
    37  04D2                     l9
    38  04D2  0BAA               	decfsz	?a_DelayMs+2
    39  04D3  2CD2               	goto	l9
    40                           ;delay.c: 25: } while(--i);
    41  04D4  0BA9               	decfsz	?a_DelayMs+1
    42  04D5  2CD0               	goto	l7
    43                           ;delay.c: 26: } while(--cnt);
    44  04D6  0BA8               	decfsz	?a_DelayMs
    45  04D7  2CCE               	goto	l4
    46  04D8  0008               	return


HI-TECH Software PICC Macro Assembler V9.50PL2
Symbol Table                                          Sat Feb 21 03:45:18 2015

    ?a_DelayMs 0028              l4 04CE              l7 04D0  
            l9 04D2        _DelayMs 04CC          status 0003  
