

HI-TECH Software PICC Macro Assembler V9.50PL2
                                                      Sat Feb 21 03:45:17 2015


     1                           	processor	16F877A
     2                           	opt	pw 79
     3                           	psect	text0,local,class=CODE,delta=2
     4                           	psect	text1,local,class=CODE,delta=2
     5                           	psect	text2,local,class=CODE,delta=2
     6                           	psect	text3,local,class=CODE,delta=2
     7                           	psect	text4,local,class=CODE,delta=2
     8                           	psect	text5,local,class=CODE,delta=2
     9                           	psect	text6,local,class=CODE,delta=2
    10                           	psect	text7,local,class=CODE,delta=2
    11                           	psect	text8,local,class=CODE,delta=2
    12                           	psect	text9,local,class=CODE,delta=2
    13                           	psect	text10,local,class=CODE,delta=2
    14                           	psect	rbss_0,global,class=BANK0,space=1,delta=
      +                          1
    15                           	psect	temp,global,ovrld,class=BANK0,space=1,de
      +                          lta=1
    16  0000                     
    17  0000                     
    18  0000                     
    19  0000                     
    20  0000                     
    21  0000                     
    22  0000                     
    23  0000                     
    24  0000                     
    25  0000                     
    26                           
    27                           	psect	text0
    28  04D9                     _PWM_Max_Duty
    29                           ;tempr.c: 11: int PWM_Max_Duty()
    30  04D9  0183               	clrf	3	;select bank 0
    31  04DA  0820               	movf	_freq,w
    32  04DB  00F0               	movwf	btemp
    33  04DC  0821               	movf	_freq+1,w
    34  04DD  00F1               	movwf	btemp+1
    35  04DE  0822               	movf	_freq+2,w
    36  04DF  00F2               	movwf	btemp+2
    37  04E0  0823               	movf	_freq+3,w
    38  04E1  00F3               	movwf	btemp+3
    39  04E2  3002               	movlw	2
    40  04E3  24C1               	call	alsll
    41  04E4  0870               	movf	btemp,w
    42  04E5  00F4               	movwf	btemp+4
    43  04E6  0871               	movf	btemp+1,w
    44  04E7  00F5               	movwf	btemp+5
    45  04E8  0872               	movf	btemp+2,w
    46  04E9  00F6               	movwf	btemp+6
    47  04EA  0873               	movf	btemp+3,w
    48  04EB  00F7               	movwf	btemp+7
    49  04EC  01F0               	clrf	btemp
    50  04ED  302D               	movlw	45
    51  04EE  00F1               	movwf	btemp+1
    52  04EF  3031               	movlw	49
    53  04F0  00F2               	movwf	btemp+2
    54  04F1  3001               	movlw	1
    55  04F2  00F3               	movwf	btemp+3
    56  04F3  2741               	call	aldiv
    57  04F4  0870               	movf	btemp,w
    58  04F5  00AD               	movwf	?a_PWM_Max_Duty
    59  04F6  0871               	movf	btemp+1,w
    60  04F7  00AE               	movwf	?a_PWM_Max_Duty+1
    61  04F8  0872               	movf	btemp+2,w
    62  04F9  00AF               	movwf	?a_PWM_Max_Duty+2
    63  04FA  0873               	movf	btemp+3,w
    64  04FB  00B0               	movwf	?a_PWM_Max_Duty+3
    65  04FC  082E               	movf	?a_PWM_Max_Duty+1,w
    66  04FD  00F1               	movwf	btemp+1
    67  04FE  082D               	movf	?a_PWM_Max_Duty,w
    68  04FF  00F0               	movwf	btemp
    69                           ;tempr.c: 14: }
    70  0500  0008               	return	;W free
    71  0000                     
    72                           ;       param _fre assigned to ?_PWM1_Init+0
    73  0000                     _PWM1_Init$fre	set	?_PWM1_Init
    74                           
    75                           	psect	text1
    76  0501                     _PWM1_Init
    77                           ;tempr.c: 16: PWM1_Init(long fre)
    78  0501  0183               	clrf	3	;select bank 0
    79  0502  0820               	movf	_freq,w
    80  0503  00F0               	movwf	btemp
    81  0504  0821               	movf	_freq+1,w
    82  0505  00F1               	movwf	btemp+1
    83  0506  0822               	movf	_freq+2,w
    84  0507  00F2               	movwf	btemp+2
    85  0508  0823               	movf	_freq+3,w
    86  0509  00F3               	movwf	btemp+3
    87  050A  3002               	movlw	2
    88  050B  24C1               	call	alsll
    89  050C  3002               	movlw	2
    90  050D  24C1               	call	alsll
    91  050E  0870               	movf	btemp,w
    92  050F  00F4               	movwf	btemp+4
    93  0510  0871               	movf	btemp+1,w
    94  0511  00F5               	movwf	btemp+5
    95  0512  0872               	movf	btemp+2,w
    96  0513  00F6               	movwf	btemp+6
    97  0514  0873               	movf	btemp+3,w
    98  0515  00F7               	movwf	btemp+7
    99  0516  01F0               	clrf	btemp
   100  0517  302D               	movlw	45
   101  0518  00F1               	movwf	btemp+1
   102  0519  3031               	movlw	49
   103  051A  00F2               	movwf	btemp+2
   104  051B  3001               	movlw	1
   105  051C  00F3               	movwf	btemp+3
   106  051D  2741               	call	aldiv
   107  051E  0370               	decf	btemp,w
   108  051F  1683               	bsf	3,5
   109  0520  0092               	movwf	18	;volatile
   110                           ;tempr.c: 19: freq = fre;
   111  0521  1283               	bcf	3,5
   112  0522  0828               	movf	?_PWM1_Init,w
   113  0523  00A0               	movwf	_freq
   114  0524  0829               	movf	?_PWM1_Init+1,w
   115  0525  00A1               	movwf	_freq+1
   116  0526  082A               	movf	?_PWM1_Init+2,w
   117  0527  00A2               	movwf	_freq+2
   118  0528  082B               	movf	?_PWM1_Init+3,w
   119  0529  00A3               	movwf	_freq+3
   120                           ;tempr.c: 20: }
   121  052A  0008               	return	;W free
   122                           
   123                           	psect	text2
   124  052B                     _PWM2_Init
   125                           ;tempr.c: 22: PWM2_Init(long fre)
   126  052B  0183               	clrf	3	;select bank 0
   127  052C  0820               	movf	_freq,w
   128  052D  00F0               	movwf	btemp
   129  052E  0821               	movf	_freq+1,w
   130  052F  00F1               	movwf	btemp+1
   131  0530  0822               	movf	_freq+2,w
   132  0531  00F2               	movwf	btemp+2
   133  0532  0823               	movf	_freq+3,w
   134  0533  00F3               	movwf	btemp+3
   135  0534  3002               	movlw	2
   136  0535  24C1               	call	alsll
   137  0536  3002               	movlw	2
   138  0537  24C1               	call	alsll
   139  0538  0870               	movf	btemp,w
   140  0539  00F4               	movwf	btemp+4
   141  053A  0871               	movf	btemp+1,w
   142  053B  00F5               	movwf	btemp+5
   143  053C  0872               	movf	btemp+2,w
   144  053D  00F6               	movwf	btemp+6
   145  053E  0873               	movf	btemp+3,w
   146  053F  00F7               	movwf	btemp+7
   147  0540  01F0               	clrf	btemp
   148  0541  302D               	movlw	45
   149  0542  00F1               	movwf	btemp+1
   150  0543  3031               	movlw	49
   151  0544  00F2               	movwf	btemp+2
   152  0545  3001               	movlw	1
   153  0546  00F3               	movwf	btemp+3
   154  0547  2741               	call	aldiv
   155  0548  0370               	decf	btemp,w
   156  0549  1683               	bsf	3,5
   157  054A  0092               	movwf	18	;volatile
   158                           ;tempr.c: 25: freq = fre;
   159  054B  1283               	bcf	3,5
   160  054C  0828               	movf	?_PWM2_Init,w
   161  054D  00A0               	movwf	_freq
   162  054E  0829               	movf	?_PWM2_Init+1,w
   163  054F  00A1               	movwf	_freq+1
   164  0550  082A               	movf	?_PWM2_Init+2,w
   165  0551  00A2               	movwf	_freq+2
   166  0552  082B               	movf	?_PWM2_Init+3,w
   167  0553  00A3               	movwf	_freq+3
   168                           ;tempr.c: 26: }
   169  0554  0008               	return	;W free
   170                           
   171                           	psect	text3
   172  0555                     _PWM1_Duty
   173                           ;tempr.c: 28: PWM1_Duty(unsigned int duty)
   174  0555  3004               	movlw	4
   175  0556  0183               	clrf	3	;select bank 0
   176  0557  0229               	subwf	?_PWM1_Duty+1,w
   177  0558  3000               	movlw	0
   178  0559  1903               	btfsc	3,2
   179  055A  0228               	subwf	?_PWM1_Duty,w
   180  055B  1803               	btfsc	3,0
   181  055C  0008               	return
   182                           ;tempr.c: 31: {
   183  055D  24D9               	call	_PWM_Max_Duty
   184  055E  2738               	call	awtoft
   185  055F  0870               	movf	btemp,w
   186  0560  00AA               	movwf	?a_PWM1_Duty
   187  0561  0871               	movf	btemp+1,w
   188  0562  00AB               	movwf	?a_PWM1_Duty+1
   189  0563  0872               	movf	btemp+2,w
   190  0564  00AC               	movwf	?a_PWM1_Duty+2
   191  0565  0829               	movf	?_PWM1_Duty+1,w
   192  0566  00F1               	movwf	btemp+1
   193  0567  0828               	movf	?_PWM1_Duty,w
   194  0568  00F0               	movwf	btemp
   195  0569  273E               	call	lwtoft
   196  056A  30C0               	movlw	192
   197  056B  00F3               	movwf	btemp+3
   198  056C  307F               	movlw	127
   199  056D  00F4               	movwf	btemp+4
   200  056E  3044               	movlw	68
   201  056F  00F5               	movwf	btemp+5
   202  0570  2689               	call	ftdiv
   203  0571  082A               	movf	?a_PWM1_Duty,w
   204  0572  00F3               	movwf	btemp+3
   205  0573  082B               	movf	?a_PWM1_Duty+1,w
   206  0574  00F4               	movwf	btemp+4
   207  0575  082C               	movf	?a_PWM1_Duty+2,w
   208  0576  00F5               	movwf	btemp+5
   209  0577  26C1               	call	ftmul
   210  0578  2702               	call	fttol
   211  0579  0870               	movf	btemp,w
   212  057A  00A8               	movwf	?_PWM1_Duty
   213  057B  0871               	movf	btemp+1,w
   214  057C  00A9               	movwf	?_PWM1_Duty+1
   215                           ;tempr.c: 33: CCP1X = duty & 2;
   216  057D  1297               	bcf	23,5
   217                           ;tempr.c: 34: CCP1Y = duty & 1;
   218  057E  0C28               	rrf	?_PWM1_Duty,w
   219  057F  1C03               	btfss	3,0
   220  0580  2D83               	goto	u20
   221  0581  1617               	bsf	23,4
   222  0582  2D84               	goto	u34
   223  0583                     u20
   224  0583  1217               	bcf	23,4
   225  0584                     u34
   226                           ;tempr.c: 35: CCPR1L = duty>>2;
   227  0584  1283               	bcf	3,5
   228  0585  1303               	bcf	3,6	;carry unused
   229  0586  0829               	movf	?_PWM1_Duty+1,w
   230  0587  00F1               	movwf	btemp+1
   231  0588  0828               	movf	?_PWM1_Duty,w
   232  0589  00F0               	movwf	btemp
   233  058A  1003               	bcf	3,0
   234  058B  0CF1               	rrf	btemp+1
   235  058C  0CF0               	rrf	btemp
   236  058D  1003               	bcf	3,0
   237  058E  0CF1               	rrf	btemp+1
   238  058F  0CF0               	rrf	btemp
   239  0590  0870               	movf	btemp,w
   240  0591  0095               	movwf	21	;volatile
   241                           ;tempr.c: 36: }
   242  0592  0008               	return	;W free
   243                           
   244                           	psect	text4
   245  0593                     _PWM2_Duty
   246                           ;tempr.c: 39: PWM2_Duty(unsigned int duty)
   247  0593  3004               	movlw	4
   248  0594  0183               	clrf	3	;select bank 0
   249  0595  0229               	subwf	?_PWM2_Duty+1,w
   250  0596  3000               	movlw	0
   251  0597  1903               	btfsc	3,2
   252  0598  0228               	subwf	?_PWM2_Duty,w
   253  0599  1803               	btfsc	3,0
   254  059A  0008               	return
   255                           ;tempr.c: 42: {
   256  059B  24D9               	call	_PWM_Max_Duty
   257  059C  2738               	call	awtoft
   258  059D  0870               	movf	btemp,w
   259  059E  00AA               	movwf	?a_PWM2_Duty
   260  059F  0871               	movf	btemp+1,w
   261  05A0  00AB               	movwf	?a_PWM2_Duty+1
   262  05A1  0872               	movf	btemp+2,w
   263  05A2  00AC               	movwf	?a_PWM2_Duty+2
   264  05A3  0829               	movf	?_PWM2_Duty+1,w
   265  05A4  00F1               	movwf	btemp+1
   266  05A5  0828               	movf	?_PWM2_Duty,w
   267  05A6  00F0               	movwf	btemp
   268  05A7  273E               	call	lwtoft
   269  05A8  30C0               	movlw	192
   270  05A9  00F3               	movwf	btemp+3
   271  05AA  307F               	movlw	127
   272  05AB  00F4               	movwf	btemp+4
   273  05AC  3044               	movlw	68
   274  05AD  00F5               	movwf	btemp+5
   275  05AE  2689               	call	ftdiv
   276  05AF  082A               	movf	?a_PWM2_Duty,w
   277  05B0  00F3               	movwf	btemp+3
   278  05B1  082B               	movf	?a_PWM2_Duty+1,w
   279  05B2  00F4               	movwf	btemp+4
   280  05B3  082C               	movf	?a_PWM2_Duty+2,w
   281  05B4  00F5               	movwf	btemp+5
   282  05B5  26C1               	call	ftmul
   283  05B6  2702               	call	fttol
   284  05B7  0870               	movf	btemp,w
   285  05B8  00A8               	movwf	?_PWM2_Duty
   286  05B9  0871               	movf	btemp+1,w
   287  05BA  00A9               	movwf	?_PWM2_Duty+1
   288                           ;tempr.c: 44: CCP2X = duty & 2;
   289  05BB  129D               	bcf	29,5
   290                           ;tempr.c: 45: CCP2Y = duty & 1;
   291  05BC  0C28               	rrf	?_PWM2_Duty,w
   292  05BD  1C03               	btfss	3,0
   293  05BE  2DC1               	goto	u50
   294  05BF  161D               	bsf	29,4
   295  05C0  2DC2               	goto	u64
   296  05C1                     u50
   297  05C1  121D               	bcf	29,4
   298  05C2                     u64
   299                           ;tempr.c: 46: CCPR2L = duty>>2;
   300  05C2  1283               	bcf	3,5
   301  05C3  1303               	bcf	3,6	;carry unused
   302  05C4  0829               	movf	?_PWM2_Duty+1,w
   303  05C5  00F1               	movwf	btemp+1
   304  05C6  0828               	movf	?_PWM2_Duty,w
   305  05C7  00F0               	movwf	btemp
   306  05C8  1003               	bcf	3,0
   307  05C9  0CF1               	rrf	btemp+1
   308  05CA  0CF0               	rrf	btemp
   309  05CB  1003               	bcf	3,0
   310  05CC  0CF1               	rrf	btemp+1
   311  05CD  0CF0               	rrf	btemp
   312  05CE  0870               	movf	btemp,w
   313  05CF  009B               	movwf	27	;volatile
   314                           ;tempr.c: 47: }
   315  05D0  0008               	return	;W free
   316                           
   317                           	psect	text5
   318  04AD                     _PWM1_Start
   319                           ;tempr.c: 50: PWM1_Start()
   320  04AD  0183               	clrf	3	;select bank 0
   321  04AE  1597               	bsf	23,3
   322                           ;tempr.c: 53: CCP1M2 = 1;
   323  04AF  1517               	bsf	23,2
   324                           ;tempr.c: 58: T2CKPS0 = 1;
   325  04B0  1412               	bsf	18,0
   326                           ;tempr.c: 59: T2CKPS1 = 0;
   327  04B1  1092               	bcf	18,1
   328                           ;tempr.c: 64: TMR2ON = 1;
   329  04B2  1512               	bsf	18,2
   330                           ;tempr.c: 65: TRISC2 = 0;
   331  04B3  1683               	bsf	3,5
   332  04B4  1107               	bcf	7,2
   333                           ;tempr.c: 66: }
   334  04B5  1283               	bcf	3,5
   335  04B6  0008               	return	;W free
   336                           
   337                           	psect	text6
   338  04A5                     _PWM1_Stop
   339                           ;tempr.c: 68: PWM1_Stop()
   340  04A5  0183               	clrf	3	;select bank 0
   341  04A6  1197               	bcf	23,3
   342                           ;tempr.c: 71: CCP1M2 = 0;
   343  04A7  1117               	bcf	23,2
   344                           ;tempr.c: 73: }
   345  04A8  0008               	return	;W free
   346                           
   347                           	psect	text7
   348  04B7                     _PWM2_Start
   349                           ;tempr.c: 75: PWM2_Start()
   350  04B7  0183               	clrf	3	;select bank 0
   351  04B8  159D               	bsf	29,3
   352                           ;tempr.c: 78: CCP2M2 = 1;
   353  04B9  151D               	bsf	29,2
   354                           ;tempr.c: 83: T2CKPS0 = 1;
   355  04BA  1412               	bsf	18,0
   356                           ;tempr.c: 84: T2CKPS1 = 0;
   357  04BB  1092               	bcf	18,1
   358                           ;tempr.c: 89: TMR2ON = 1;
   359  04BC  1512               	bsf	18,2
   360                           ;tempr.c: 90: TRISC1 = 0;
   361  04BD  1683               	bsf	3,5
   362  04BE  1087               	bcf	7,1
   363                           ;tempr.c: 91: }
   364  04BF  1283               	bcf	3,5
   365  04C0  0008               	return	;W free
   366                           
   367                           	psect	text8
   368  04A9                     _PWM2_Stop
   369                           ;tempr.c: 93: PWM2_Stop()
   370  04A9  0183               	clrf	3	;select bank 0
   371  04AA  119D               	bcf	29,3
   372                           ;tempr.c: 96: CCP2M2 = 0;
   373  04AB  111D               	bcf	29,2
   374                           ;tempr.c: 97: }
   375  04AC  0008               	return	;W free
   376                           
   377                           	psect	text9
   378  05D1                     _main
   379                           ;	_i assigned to ?a_main+0
   380  0000                     _main$i	set	?a_main
   381                           ;	_j assigned to ?a_main+2
   382  0000                     _main$j	set	?a_main+2
   383                           ;tempr.c: 100: void main()
   384  05D1  1283               	bcf	3,5
   385  05D2  1303               	bcf	3,6	;carry unused
   386  05D3  01A4               	clrf	?a_main
   387  05D4  01A5               	clrf	?a_main+1
   388  05D5  01A6               	clrf	?a_main+2
   389  05D6  01A7               	clrf	?a_main+3
   390                           ;tempr.c: 103: PWM1_Init(5000);
   391  05D7  3088               	movlw	136
   392  05D8  00A8               	movwf	?_PWM1_Init
   393  05D9  3013               	movlw	19
   394  05DA  00A9               	movwf	?_PWM1_Init+1
   395  05DB  3000               	movlw	0
   396  05DC  01AA               	clrf	?_PWM1_Init+2
   397  05DD  01AB               	clrf	?_PWM1_Init+3
   398  05DE  2501               	call	_PWM1_Init
   399                           ;tempr.c: 104: PWM2_Init(5000);
   400  05DF  3088               	movlw	136
   401  05E0  00A8               	movwf	?_PWM2_Init
   402  05E1  3013               	movlw	19
   403  05E2  00A9               	movwf	?_PWM2_Init+1
   404  05E3  3000               	movlw	0
   405  05E4  01AA               	clrf	?_PWM2_Init+2
   406  05E5  01AB               	clrf	?_PWM2_Init+3
   407  05E6  252B               	call	_PWM2_Init
   408                           ;tempr.c: 105: TRISD = 0xFF;
   409  05E7  30FF               	movlw	-1
   410  05E8  1683               	bsf	3,5
   411  05E9  0088               	movwf	8	;volatile
   412                           ;tempr.c: 106: TRISB = 0;
   413  05EA  0186               	clrf	6	;volatile
   414                           ;tempr.c: 108: PWM1_Duty(0);
   415  05EB  1283               	bcf	3,5
   416  05EC  01A8               	clrf	?_PWM1_Duty
   417  05ED  01A9               	clrf	?_PWM1_Duty+1
   418  05EE  2555               	call	_PWM1_Duty
   419                           ;tempr.c: 109: PWM2_Duty(0);
   420  05EF  01A8               	clrf	?_PWM2_Duty
   421  05F0  01A9               	clrf	?_PWM2_Duty+1
   422  05F1  2593               	call	_PWM2_Duty
   423                           ;tempr.c: 110: PWM1_Start();
   424  05F2  24AD               	call	_PWM1_Start
   425                           ;tempr.c: 111: PWM2_Start();
   426  05F3  24B7               	call	_PWM2_Start
   427  05F4                     l14
   428                           ;tempr.c: 113: while(1)
   429                           ;tempr.c: 114: {
   430  05F4  1808               	btfsc	8,0
   431  05F5  2E01               	goto	l16
   432  05F6  3003               	movlw	3
   433  05F7  0225               	subwf	?a_main+1,w
   434  05F8  30E8               	movlw	232
   435  05F9  1903               	btfsc	3,2
   436  05FA  0224               	subwf	?a_main,w
   437  05FB  1803               	btfsc	3,0
   438  05FC  2E01               	goto	l16
   439                           ;tempr.c: 116: i=i+10;
   440  05FD  300A               	movlw	10
   441  05FE  07A4               	addwf	?a_main
   442  05FF  1803               	btfsc	3,0
   443  0600  0AA5               	incf	?a_main+1
   444  0601                     l16
   445                           ;tempr.c: 117: if(RD1 == 0 && i>0)
   446  0601  1888               	btfsc	8,1
   447  0602  2E0B               	goto	l17
   448  0603  0825               	movf	?a_main+1,w
   449  0604  0424               	iorwf	?a_main,w
   450  0605  1903               	btfsc	3,2
   451  0606  2E0B               	goto	l17
   452                           ;tempr.c: 118: i=i-10;
   453  0607  30F6               	movlw	-10
   454  0608  07A4               	addwf	?a_main
   455  0609  1C03               	btfss	3,0
   456  060A  03A5               	decf	?a_main+1
   457  060B                     l17
   458                           ;tempr.c: 119: if(RD2 == 0 && j<1000)
   459  060B  1908               	btfsc	8,2
   460  060C  2E18               	goto	l18
   461  060D  3003               	movlw	3
   462  060E  0227               	subwf	?a_main+3,w
   463  060F  30E8               	movlw	232
   464  0610  1903               	btfsc	3,2
   465  0611  0226               	subwf	?a_main+2,w
   466  0612  1803               	btfsc	3,0
   467  0613  2E18               	goto	l18
   468                           ;tempr.c: 120: j=j+10;
   469  0614  300A               	movlw	10
   470  0615  07A6               	addwf	?a_main+2
   471  0616  1803               	btfsc	3,0
   472  0617  0AA7               	incf	?a_main+3
   473  0618                     l18
   474                           ;tempr.c: 121: if(RD3 == 0 && j>0)
   475  0618  1988               	btfsc	8,3
   476  0619  2E22               	goto	l19
   477  061A  0827               	movf	?a_main+3,w
   478  061B  0426               	iorwf	?a_main+2,w
   479  061C  1903               	btfsc	3,2
   480  061D  2E22               	goto	l19
   481                           ;tempr.c: 122: j=j-10;
   482  061E  30F6               	movlw	-10
   483  061F  07A6               	addwf	?a_main+2
   484  0620  1C03               	btfss	3,0
   485  0621  03A7               	decf	?a_main+3
   486  0622                     l19
   487                           ;tempr.c: 123: PWM1_Duty(i);
   488  0622  0824               	movf	?a_main,w
   489  0623  00A8               	movwf	?_PWM1_Duty
   490  0624  0825               	movf	?a_main+1,w
   491  0625  00A9               	movwf	?_PWM1_Duty+1
   492  0626  2555               	call	_PWM1_Duty
   493                           ;tempr.c: 124: PWM2_Duty(j);
   494  0627  0826               	movf	?a_main+2,w
   495  0628  00A8               	movwf	?_PWM2_Duty
   496  0629  0827               	movf	?a_main+3,w
   497  062A  00A9               	movwf	?_PWM2_Duty+1
   498  062B  2593               	call	_PWM2_Duty
   499                           ;tempr.c: 129: DelayMs(50);
   500  062C  3032               	movlw	50
   501  062D  24CC               	call	_DelayMs
   502  062E  2DF4               	goto	l14
   503                           
   504                           	psect	text10
   505  0000                     
   506  0000                     
   507  0000                     
   508  0000                     
   509  0000                     
   510  0000                     
   511  0000                     
   512  0000                     
   513  0000                     
   514  0000                     
   515  0000                     
   516  0000                     
   517  0000                     
   518  0000                     
   519  0000                     
   520  0000                     
   521  0000                     
   522  0000                     
   523  0000                     
   524  0000                     
   525  0000                     
   526  0000                     
   527  0000                     
   528  0000                     
   529  0000                     
   530  0000                     
   531  0000                     
   532  0000                     
   533  0000                     
   534  0000                     
   535  0000                     
   536  0000                     
   537  0000                     
   538  0000                     
   539  0000                     
   540  0000                     
   541  0000                     
   542  0000                     
   543  0000                     
   544  0000                     
   545  0000                     
   546  0000                     
   547  0000                     
   548  0000                     
   549  0000                     
   550  0000                     
   551  0000                     
   552  0000                     
   553  0000                     
   554  0000                     
   555  0000                     
   556  0000                     
   557  0000                     
   558  0000                     
   559  0000                     
   560  0000                     
   561  0000                     
   562  0000                     
   563  0000                     
   564  0000                     
   565  0000                     
   566  0000                     
   567  0000                     
   568  0000                     
   569  0000                     
   570  0000                     
   571  0000                     
   572  0000                     
   573  0000                     
   574  0000                     
   575  0000                     
   576  0000                     
   577  0000                     
   578  0000                     
   579  0000                     
   580  0000                     
   581  0000                     
   582  0000                     
   583  0000                     
   584  0000                     
   585  0000                     
   586  0000                     
   587  0000                     
   588  0000                     
   589  0000                     
   590  0000                     
   591  0000                     
   592  0000                     
   593  0000                     
   594  0000                     
   595  0000                     
   596  0000                     
   597  0000                     
   598  0000                     
   599  0000                     
   600  0000                     
   601  0000                     
   602  0000                     
   603  0000                     
   604  0000                     
   605  0000                     
   606  0000                     
   607  0000                     
   608  0000                     
   609  0000                     
   610  0000                     
   611  0000                     
   612  0000                     
   613  0000                     
   614  0000                     
   615  0000                     
   616  0000                     
   617  0000                     
   618  0000                     
   619  0000                     
   620  0000                     
   621  0000                     
   622  0000                     
   623  0000                     
   624  0000                     
   625  0000                     
   626  0000                     
   627  0000                     
   628  0000                     
   629  0000                     
   630  0000                     
   631  0000                     
   632  0000                     
   633  0000                     
   634  0000                     
   635  0000                     
   636  0000                     
   637  0000                     
   638  0000                     
   639  0000                     
   640  0000                     
   641  0000                     
   642  0000                     
   643  0000                     
   644  0000                     
   645  0000                     
   646  0000                     
   647  0000                     
   648  0000                     
   649  0000                     
   650  0000                     
   651  0000                     
   652  0000                     
   653  0000                     
   654  0000                     
   655  0000                     
   656  0000                     
   657  0000                     
   658  0000                     
   659  0000                     
   660  0000                     
   661  0000                     
   662  0000                     
   663  0000                     
   664  0000                     
   665  0000                     
   666  0000                     
   667  0000                     
   668  0000                     
   669  0000                     
   670  0000                     
   671  0000                     
   672  0000                     
   673  0000                     
   674  0000                     
   675  0000                     
   676  0000                     
   677  0000                     
   678  0000                     
   679  0000                     
   680  0000                     
   681  0000                     
   682  0000                     
   683  0000                     
   684  0000                     
   685  0000                     
   686  0000                     
   687  0000                     
   688  0000                     
   689  0000                     
   690  0000                     
   691  0000                     
   692  0000                     
   693  0000                     
   694  0000                     
   695  0000                     
   696  0000                     
   697  0000                     
   698  0000                     
   699  0000                     
   700  0000                     
   701  0000                     
   702  0000                     
   703  0000                     
   704  0000                     
   705  0000                     
   706  0000                     
   707  0000                     
   708  0000                     
   709  0000                     
   710  0000                     
   711  0000                     
   712  0000                     
   713  0000                     
   714  0000                     
   715  0000                     
   716  0000                     
   717  0000                     
   718  0000                     
   719  0000                     
   720  0000                     
   721  0000                     
   722  0000                     
   723  0000                     
   724  0000                     
   725  0000                     
   726  0000                     
   727  0000                     
   728  0000                     
   729  0000                     
   730  0000                     
   731  0000                     
   732  0000                     
   733  0000                     
   734  0000                     
   735  0000                     
   736  0000                     
   737  0000                     
   738  0000                     
   739  0000                     
   740  0000                     
   741  0000                     
   742  0000                     
   743  0000                     
   744  0000                     
   745  0000                     
   746  0000                     
   747  0000                     
   748  0000                     
   749  0000                     
   750  0000                     
   751  0000                     
   752  0000                     
   753  0000                     
   754  0000                     
   755  0000                     
   756  0000                     
   757  0000                     
   758  0000                     
   759  0000                     
   760  0000                     
   761  0000                     
   762  0000                     
   763  0000                     
   764  0000                     
   765  0000                     
   766  0000                     
   767  0000                     
   768  0000                     
   769  0000                     
   770  0000                     
   771  0000                     
   772  0000                     
   773  0000                     
   774  0000                     
   775  0000                     
   776  0000                     
   777  0000                     
   778  0000                     
   779  0000                     
   780  0000                     
   781                           
   782                           	psect	rbss_0
   783  0020                     _freq
   784  0020                     	ds	4
   785                           
   786                           	psect	temp
   787  0070                     btemp
   788  0070                     	ds	8


HI-TECH Software PICC Macro Assembler V9.50PL2
Symbol Table                                          Sat Feb 21 03:45:17 2015

        ?a_main 0024              l14 05F4              l16 0601  
            l17 060B              l18 0618              l19 0622  
            u20 0583              u50 05C1              u34 0584  
            u64 05C2            f2813 002A            f2823 002A  
          f2783 002D         _DelayMs 04CC            _main 05D1  
          _freq 0020            aldiv 0741            alsll 04C1  
          btemp 0070            ftdiv 0689            ftmul 06C1  
          fttol 0702            start 0000  ?a_PWM_Max_Duty 002D  
    ?_PWM1_Init 0028      ?_PWM1_Duty 0028      ?_PWM2_Init 0028  
    ?_PWM2_Duty 0028           awtoft 0738           lwtoft 073E  
         status 0003     ?a_PWM1_Duty 002A     ?a_PWM2_Duty 002A  
  _PWM_Max_Duty 04D9      _PWM1_Start 04AD      _PWM2_Start 04B7  
     _PWM1_Init 0501       _PWM1_Duty 0555       _PWM2_Init 052B  
     _PWM2_Duty 0593       _PWM1_Stop 04A5       _PWM2_Stop 04A9  
    used_btemp0 0001      used_btemp1 0001      used_btemp2 0001  
    used_btemp3 0001      used_btemp4 0001      used_btemp5 0001  
    used_btemp6 0001      used_btemp7 0001  
