HI-TECH Software PICC-Lite Compiler V9.50PL2

Linker command line:

--edf=C:\Program Files\HI-TECH Software\PICC-Lite\9.50\dat\en_msgs.txt \
  -h+tempr.sym -z -Q16F877A -ol.obj -Mtempr.map -E1 -ver=PICC-Lite#V9.50PL2 \
  -ACODE=00h-07FFh -ACONST=00h-0FFhx8 -AENTRY=00h-0FFhx8 \
  -ASTRING=00h-0FFhx8 -ABANK0=020h-07Fh -ABANK1=0A0h-0EFh \
  -ACOMBANK=070h-07Fh -ppowerup=CODE \
  -preset_vec=00h,intentry,intcode,intret,init,end_init,clrtext,maintext,stringtable,pstrings,strings \
  -prbit_0=BANK0,rbss_0=BANK0,rdata_0=BANK0,idata_0=CODE -pnvram=BANK0 \
  -prbit_1=BANK1,rbss_1=BANK1,rdata_1=BANK1,idata_1=CODE \
  -pnvram_1=BANK1,nvbit_1=BANK1 \
  -prbit_2=BANK2,rbss_2=BANK2,rdata_2=BANK2,idata_2=CODE \
  -pnvram_2=BANK2,nvbit_2=BANK2 \
  -prbit_3=BANK3,rbss_3=BANK3,rdata_3=BANK3,idata_3=CODE \
  -pnvram_3=BANK3,nvbit_3=BANK3 -ptemp=COMBANK -ACONFIG=02007h-02007h \
  -pconfig=CONFIG -AIDLOC=02000h-02003h -pidloc=IDLOC \
  -AEEDATA=00h-0FFh/02100h -peeprom_data=EEDATA \
  -pfloat_text0=CODE,float_text1=CODE,float_text2=CODE \
  -pfloat_text3=CODE,float_text4=CODE -pintsave_0=COMBANK -pintsave_1=BANK1 \
  -pintsave_2=BANK2 -pintsave_3=BANK3 \
  C:\Users\ABC\AppData\Local\Temp\suno.obj \
  E:\celabcode\Embedded-Projects\project_codes\pic\pwm\tempr.obj \
  E:\celabcode\Embedded-Projects\project_codes\pic\pwm\delay.obj \
  C:\Program Files\HI-TECH Software\PICC-Lite\9.50\lib\pcl62--u.lib \
  C:\Program Files\HI-TECH Software\PICC-Lite\9.50\lib\pcl40c-c.lib \
  C:\Program Files\HI-TECH Software\PICC-Lite\9.50\lib\pcl62--u.lib 

Object code version is 3.7

Machine type is 16F877A

Call graph:

*_main size 0,4 offset 0
     _PWM1_Init size 4,0 offset 4
         alsll size 0,0 offset 13
         aldiv size 0,0 offset 13
     _PWM2_Init size 4,0 offset 4
         alsll size 0,0 offset 13
         aldiv size 0,0 offset 13
*    _PWM1_Duty size 2,3 offset 4
*        _PWM_Max_Duty size 0,4 offset 9
*            alsll size 0,0 offset 13
*            aldiv size 0,0 offset 13
         awtoft size 0,0 offset 9
         lwtoft size 0,0 offset 9
         ftdiv size 0,0 offset 9
             ftunpack1 size 0,0 offset 9
             ftunpack2 size 0,0 offset 9
         ftmul size 0,0 offset 9
             ftunpack1 size 0,0 offset 9
             ftunpack2 size 0,0 offset 9
         fttol size 0,0 offset 9
             ftunpack1 size 0,0 offset 9
             l0neg size 0,0 offset 9
*    _PWM2_Duty size 2,3 offset 4
*        _PWM_Max_Duty size 0,4 offset 9
*            alsll size 0,0 offset 13
*            aldiv size 0,0 offset 13
         awtoft size 0,0 offset 9
         lwtoft size 0,0 offset 9
         ftdiv size 0,0 offset 9
             ftunpack1 size 0,0 offset 9
             ftunpack2 size 0,0 offset 9
         ftmul size 0,0 offset 9
             ftunpack1 size 0,0 offset 9
             ftunpack2 size 0,0 offset 9
         fttol size 0,0 offset 9
             ftunpack1 size 0,0 offset 9
             l0neg size 0,0 offset 9
     _PWM1_Start size 0,0 offset 4
     _PWM2_Start size 0,0 offset 4
     _DelayMs size 0,3 offset 4

		Name          Link     Load   Length Selector Space Scale
C:\Users\ABC\AppData\Local\Temp\suno.obj
		init             0        0        4       0     0
		end_init         4        4        9       0     0
E:\celabcode\Embedded-Projects\project_codes\pic\pwm\tempr.obj
		rbss_0          20       20        4      20     1
		temp            70       70        8      70     1
		text8          4A9      4A9        4     952     0
		text7          4B7      4B7        A     96E     0
		text6          4A5      4A5        4     94A     0
		text9          5D1      5D1       5E     BA2     0
		text1          501      501       2A     A02     0
		text0          4D9      4D9       28     9B2     0
		text2          52B      52B       2A     A56     0
		text5          4AD      4AD        A     95A     0
		text4          593      593       3E     B26     0
		text3          555      555       3E     AAA     0
E:\celabcode\Embedded-Projects\project_codes\pic\pwm\delay.obj
		text0          4CC      4CC        D     998     0

C:\Program Files\HI-TECH Software\PICC-Lite\9.50\lib\pcl62--u.lib

C:\Program Files\HI-TECH Software\PICC-Lite\9.50\lib\pcl40c-c.lib
aldiv.obj       float_tex      741      741       27     E82     0
		temp            70       70        C      70     1
		xtemp           31       31        1      20     1
btemp0.obj      temp            70       70        1      70     1
btemp10.obj     temp            70       70        B      70     1
btemp11.obj     temp            70       70        C      70     1
btemp12.obj     xtemp           31       31        1      20     1
btemp1.obj      temp            70       70        2      70     1
btemp2.obj      temp            70       70        3      70     1
btemp3.obj      temp            70       70        4      70     1
btemp4.obj      temp            70       70        5      70     1
btemp5.obj      temp            70       70        6      70     1
btemp6.obj      temp            70       70        7      70     1
btemp7.obj      temp            70       70        8      70     1
btemp8.obj      temp            70       70        9      70     1
btemp9.obj      temp            70       70        A      70     1
float.obj       float_tex      63B      63B       4E     C76     0
		temp            70       70        9      70     1
ftdiv.obj       float_tex      689      689       38     C76     0
		temp            70       70        C      70     1
ftmul.obj       float_tex      6C1      6C1       41     C76     0
		temp            70       70        C      70     1
fttol.obj       float_tex      702      702       23     C76     0
		temp            70       70        9      70     1
l0neg.obj       float_tex      768      768        E     E82     0
		temp            70       70        4      70     1
ldiv.obj        float_tex      776      776       7B     E82     0
		temp            70       70        C      70     1
		xtemp           31       31        1      20     1
lsll.obj        temp            70       70        5      70     1
		text           4C1      4C1        B     982     0
ltoft.obj       float_tex      725      725       13     C76     0
		temp            70       70        9      70     1
store3.obj      temp            70       70        9      70     1
		ftext0         62F      62F        C     C5E     0
store.obj       float_tex      7F1      7F1        F     E82     0
		temp            70       70        4      70     1
wtoft.obj       float_tex      738      738        9     C76     0
		temp            70       70        9      70     1

C:\Program Files\HI-TECH Software\PICC-Lite\9.50\lib\pcl62--u.lib

COMMON          rbss_0          24       24        D      20     1

TOTAL		Name          Link     Load   Length
	CLASS	CODE     
		float_tex      741      741       BF
		float_tex      63B      63B      106
		init             0        0        4
		end_init         4        4        9
		text8          4A9      4A9        4
		text7          4B7      4B7        A
		text6          4A5      4A5        4
		text9          5D1      5D1       5E
		text1          501      501       2A
		text0          4D9      4D9       28
		text2          52B      52B       2A
		text5          4AD      4AD        A
		text4          593      593       3E
		text3          555      555       3E
		text0          4CC      4CC        D
		text           4C1      4C1        B
		ftext0         62F      62F        C

	CLASS	CONST    

	CLASS	ENTRY    

	CLASS	STRING   

	CLASS	BANK0    
		rbss_0          20       20       11
		temp            70       70        C
		xtemp           31       31        1

	CLASS	BANK1    

	CLASS	COMBANK  

	CLASS	CONFIG   

	CLASS	IDLOC    

	CLASS	EEDATA   

	CLASS	BANK3    

	CLASS	BANK2    



SEGMENTS	Name		Load	Length	 Top	Selector    Space Class

		reset_vec       000000	00000D	00000D	       0       0  CODE    
		rbit_0          000020	000012	000032	      20       1  BANK0   
		temp            000070	00000C	00007C	      70       1  COMBANK 
		text6           0004A5	000004	0004A9	     94A       0  CODE    
		text8           0004A9	000004	0004AD	     952       0  CODE    
		text5           0004AD	00000A	0004B7	     95A       0  CODE    
		text7           0004B7	00000A	0004C1	     96E       0  CODE    
		text            0004C1	00000B	0004CC	     982       0  CODE    
		text0           0004CC	00000D	0004D9	     998       0  CODE    
		text0           0004D9	000028	000501	     9B2       0  CODE    
		text1           000501	00002A	00052B	     A02       0  CODE    
		text2           00052B	00002A	000555	     A56       0  CODE    
		text3           000555	00003E	000593	     AAA       0  CODE    
		text4           000593	00003E	0005D1	     B26       0  CODE    
		text9           0005D1	00005E	00062F	     BA2       0  CODE    
		ftext0          00062F	00000C	00063B	     C5E       0  CODE    
		float_text4     00063B	000106	000741	     C76       0  CODE    
		float_text0     000741	0000BF	000800	     E82       0  CODE    


UNUSED ADDRESS RANGES

	BANK0            0032-006F
	                 007C-007F
	BANK1            00A0-00EF
	CODE             000D-04A4
	COMBANK          007C-007F
	CONFIG           2007-2007
	CONST            000D-04A4
	EEDATA           2100-21FF
	ENTRY            000D-04A4
	IDLOC            2000-2003
	STRING           000D-04A4

                                  Symbol Table

?_PWM1_Duty     rbss_0      0028  ?_PWM1_Init     rbss_0      0028
?_PWM2_Duty     rbss_0      0028  ?_PWM2_Init     rbss_0      0028
?a_DelayMs      rbss_0      0028  ?a_PWM1_Duty    rbss_0      002A
?a_PWM2_Duty    rbss_0      002A  ?a_PWM_Max_Duty rbss_0      002D
?a_main         rbss_0      0024  _DelayMs        text0       04CC
_PWM1_Duty      text3       0555  _PWM1_Init      text1       0501
_PWM1_Start     text5       04AD  _PWM1_Stop      text6       04A5
_PWM2_Duty      text4       0593  _PWM2_Init      text2       052B
_PWM2_Start     text7       04B7  _PWM2_Stop      text8       04A9
_PWM_Max_Duty   text0       04D9  __Beeprom_data  eeprom_data 2100
__Bnvbit_0      nvbit_0     00A0  __Bnvbit_1      nvbit_1     00A0
__Bnvbit_2      nvbit_2     001A  __Bnvbit_3      nvbit_3     001A
__Bptbit_0      ptbit_0     00A0  __Brbit_0       rbit_0      0020
__Brbit_1       rbit_1      00A0  __Brbit_2       rbit_2      00A0
__Brbit_3       rbit_3      001A  __Hclrtext      clrtext     000D
__Hcode         code        00A0  __Hcommon_ram   common_ram  00A0
__Hconfig       config      2007  __Heeprom_data  eeprom_data 0000
__Hend_init     end_init    000D  __Hfloat_text0  float_text0 0800
__Hfloat_text1  float_text1 000D  __Hfloat_text2  float_text2 000D
__Hfloat_text3  float_text3 000D  __Hfloat_text4  float_text4 0741
__Hidata_0      idata_0     000D  __Hidata_1      idata_1     000D
__Hidata_2      idata_2     000D  __Hidata_3      idata_3     000D
__Hidloc        idloc       2000  __Hinit         init        0004
__Hinit23       init23      00A0  __Hintcode      intcode     0000
__Hintentry     intentry    0000  __Hintret       intret      0000
__Hintsave      intsave     00A0  __Hintsave_0    intsave_0   007C
__Hintsave_1    intsave_1   00A0  __Hintsave_2    intsave_2   00A0
__Hintsave_3    intsave_3   00A0  __Hmaintext     maintext    000D
__Hnvbit_0      nvbit_0     0500  __Hnvbit_1      nvbit_1     0500
__Hnvbit_2      nvbit_2     00D0  __Hnvbit_3      nvbit_3     00D0
__Hnvram        nvram       0031  __Hnvram_1      nvram_1     00A0
__Hnvram_2      nvram_2     001A  __Hnvram_3      nvram_3     001A
__Hpowerup      powerup     0000  __Hpstrings     pstrings    000D
__Hptbit_0      ptbit_0     0500  __Hrbit_0       rbit_0      0100
__Hrbit_1       rbit_1      0500  __Hrbit_2       rbit_2      0500
__Hrbit_3       rbit_3      00D0  __Hrbss_0       rbss_0      0031
__Hrbss_1       rbss_1      00A0  __Hrbss_2       rbss_2      00A0
__Hrbss_3       rbss_3      001A  __Hrdata_0      rdata_0     0031
__Hrdata_1      rdata_1     00A0  __Hrdata_2      rdata_2     00A0
__Hrdata_3      rdata_3     001A  __Hreset_vec    reset_vec   0000
__Hstrings      strings     000D  __Hstringtable  stringtable 000D
__Hstruct       struct      0032  __Htemp         temp        007C
__Htext         text        00A0  __Hxtemp        xtemp       0032
__Lclrtext      clrtext     000D  __Lcode         code        00A0
__Lcommon_ram   common_ram  00A0  __Lconfig       config      2007
__Leeprom_data  eeprom_data 0000  __Lend_init     end_init    0004
__Lfloat_text0  float_text0 0741  __Lfloat_text1  float_text1 000D
__Lfloat_text2  float_text2 000D  __Lfloat_text3  float_text3 000D
__Lfloat_text4  float_text4 063B  __Lidata_0      idata_0     000D
__Lidata_1      idata_1     000D  __Lidata_2      idata_2     000D
__Lidata_3      idata_3     000D  __Lidloc        idloc       2000
__Linit         init        0000  __Linit23       init23      00A0
__Lintcode      intcode     0000  __Lintentry     intentry    0000
__Lintret       intret      0000  __Lintsave      intsave     00A0
__Lintsave_0    intsave_0   007C  __Lintsave_1    intsave_1   00A0
__Lintsave_2    intsave_2   00A0  __Lintsave_3    intsave_3   00A0
__Lmaintext     maintext    000D  __Lnvbit_0      nvbit_0     0500
__Lnvbit_1      nvbit_1     0500  __Lnvbit_2      nvbit_2     00D0
__Lnvbit_3      nvbit_3     00D0  __Lnvram        nvram       0031
__Lnvram_1      nvram_1     00A0  __Lnvram_2      nvram_2     001A
__Lnvram_3      nvram_3     001A  __Lpowerup      powerup     0000
__Lpstrings     pstrings    000D  __Lptbit_0      ptbit_0     0500
__Lrbit_0       rbit_0      0100  __Lrbit_1       rbit_1      0500
__Lrbit_2       rbit_2      0500  __Lrbit_3       rbit_3      00D0
__Lrbss_0       rbss_0      0020  __Lrbss_1       rbss_1      00A0
__Lrbss_2       rbss_2      00A0  __Lrbss_3       rbss_3      001A
__Lrdata_0      rdata_0     0031  __Lrdata_1      rdata_1     00A0
__Lrdata_2      rdata_2     00A0  __Lrdata_3      rdata_3     001A
__Lreset_vec    reset_vec   0000  __Lstrings      strings     000D
__Lstringtable  stringtable 000D  __Lstruct       struct      0032
__Ltemp         temp        0070  __Ltext         text        00A0
__Lxtemp        xtemp       0031  __S0            (abs)       2007
__S1            (abs)       00A0  __S2            (abs)       2100
_exit           init        0000  _freq           rbss_0      0020
_main           text9       05D1  aldiv           float_text0 0741
aldiv_x         float_text0 0742  almod           float_text0 0741
alsll           text        04C1  altoft          float_text4 0725
awtoft          float_text4 0738  clear_bank0     init        0000
clear_bit0      init        0000  clear_ram       end_init    0008
doldiv          float_text0 0779  ftdiv           float_text4 0689
ftdiv_x         float_text4 068A  ftmul           float_text4 06C1
ftmul_x         float_text4 06C2  ftnorm1         float_text4 0665
fttol           float_text4 0702  ftunpack1       float_text4 063B
ftunpack2       float_text4 064A  intlevel0       intentry    0000
intlevel1       intentry    0000  l0neg           float_text0 0768
lldiv           float_text0 0776  lldiv_x         float_text0 0777
llmod           float_text0 0776  llsll           text        04C1
lltoft          float_text4 072A  lwtoft          float_text4 073E
reset_vec       reset_vec   0000  start           init        0000
storeback       float_text0 07F1  storeback_3     ftext0      062F
used_btemp0     (abs)       0001  used_btemp1     (abs)       0001
used_btemp10    (abs)       0001  used_btemp11    (abs)       0001
used_btemp12    (abs)       0001  used_btemp2     (abs)       0001
used_btemp3     (abs)       0001  used_btemp4     (abs)       0001
used_btemp5     (abs)       0001  used_btemp6     (abs)       0001
used_btemp7     (abs)       0001  used_btemp8     (abs)       0001
used_btemp9     (abs)       0001  zerctt          float_text4 0646
