Archive member included because of file (symbol)

c:/winavr-20081205/bin/../lib/gcc/avr/4.3.2/../../../../avr/lib/avr4\libc.a(exit.o)
                              c:/winavr-20081205/bin/../lib/gcc/avr/4.3.2/../../../../avr/lib/avr4/crtm8.o (exit)
c:/winavr-20081205/bin/../lib/gcc/avr/4.3.2/../../../../avr/lib/avr4\libc.a(addsf3.o)
                              digital_voltmeter.o (__addsf3)
c:/winavr-20081205/bin/../lib/gcc/avr/4.3.2/../../../../avr/lib/avr4\libc.a(addsf3x.o)
                              c:/winavr-20081205/bin/../lib/gcc/avr/4.3.2/../../../../avr/lib/avr4\libc.a(addsf3.o) (__addsf3x)
c:/winavr-20081205/bin/../lib/gcc/avr/4.3.2/../../../../avr/lib/avr4\libc.a(cmpsf2.o)
                              digital_voltmeter.o (__ltsf2)
c:/winavr-20081205/bin/../lib/gcc/avr/4.3.2/../../../../avr/lib/avr4\libc.a(divsf3.o)
                              digital_voltmeter.o (__divsf3)
c:/winavr-20081205/bin/../lib/gcc/avr/4.3.2/../../../../avr/lib/avr4\libc.a(divsf3x.o)
                              c:/winavr-20081205/bin/../lib/gcc/avr/4.3.2/../../../../avr/lib/avr4\libc.a(divsf3.o) (__divsf3x)
c:/winavr-20081205/bin/../lib/gcc/avr/4.3.2/../../../../avr/lib/avr4\libc.a(floatsisf.o)
                              digital_voltmeter.o (__floatsisf)
c:/winavr-20081205/bin/../lib/gcc/avr/4.3.2/../../../../avr/lib/avr4\libc.a(fp_cmp.o)
                              c:/winavr-20081205/bin/../lib/gcc/avr/4.3.2/../../../../avr/lib/avr4\libc.a(cmpsf2.o) (__fp_cmp)
c:/winavr-20081205/bin/../lib/gcc/avr/4.3.2/../../../../avr/lib/avr4\libc.a(fp_inf.o)
                              c:/winavr-20081205/bin/../lib/gcc/avr/4.3.2/../../../../avr/lib/avr4\libc.a(addsf3x.o) (__fp_inf)
c:/winavr-20081205/bin/../lib/gcc/avr/4.3.2/../../../../avr/lib/avr4\libc.a(fp_nan.o)
                              c:/winavr-20081205/bin/../lib/gcc/avr/4.3.2/../../../../avr/lib/avr4\libc.a(addsf3x.o) (__fp_nan)
c:/winavr-20081205/bin/../lib/gcc/avr/4.3.2/../../../../avr/lib/avr4\libc.a(fp_pscA.o)
                              c:/winavr-20081205/bin/../lib/gcc/avr/4.3.2/../../../../avr/lib/avr4\libc.a(addsf3x.o) (__fp_pscA)
c:/winavr-20081205/bin/../lib/gcc/avr/4.3.2/../../../../avr/lib/avr4\libc.a(fp_pscB.o)
                              c:/winavr-20081205/bin/../lib/gcc/avr/4.3.2/../../../../avr/lib/avr4\libc.a(addsf3x.o) (__fp_pscB)
c:/winavr-20081205/bin/../lib/gcc/avr/4.3.2/../../../../avr/lib/avr4\libc.a(fp_round.o)
                              c:/winavr-20081205/bin/../lib/gcc/avr/4.3.2/../../../../avr/lib/avr4\libc.a(addsf3.o) (__fp_round)
c:/winavr-20081205/bin/../lib/gcc/avr/4.3.2/../../../../avr/lib/avr4\libc.a(fp_split3.o)
                              c:/winavr-20081205/bin/../lib/gcc/avr/4.3.2/../../../../avr/lib/avr4\libc.a(addsf3x.o) (__fp_split3)
c:/winavr-20081205/bin/../lib/gcc/avr/4.3.2/../../../../avr/lib/avr4\libc.a(fp_zero.o)
                              c:/winavr-20081205/bin/../lib/gcc/avr/4.3.2/../../../../avr/lib/avr4\libc.a(addsf3x.o) (__fp_zero)
c:/winavr-20081205/bin/../lib/gcc/avr/4.3.2/../../../../avr/lib/avr4\libc.a(mulsf3.o)
                              digital_voltmeter.o (__mulsf3)
c:/winavr-20081205/bin/../lib/gcc/avr/4.3.2/../../../../avr/lib/avr4\libc.a(mulsf3x.o)
                              c:/winavr-20081205/bin/../lib/gcc/avr/4.3.2/../../../../avr/lib/avr4\libc.a(mulsf3.o) (__mulsf3x)
c:/winavr-20081205/bin/../lib/gcc/avr/4.3.2/avr4\libgcc.a(_exit.o)
                              c:/winavr-20081205/bin/../lib/gcc/avr/4.3.2/../../../../avr/lib/avr4\libc.a(exit.o) (_exit)
c:/winavr-20081205/bin/../lib/gcc/avr/4.3.2/avr4\libgcc.a(_copy_data.o)
                              digital_voltmeter.o (__do_copy_data)
c:/winavr-20081205/bin/../lib/gcc/avr/4.3.2/avr4\libgcc.a(_clear_bss.o)
                              digital_voltmeter.o (__do_clear_bss)

Allocating common symbols
Common symbol       size              file

d1                  0x1               wiring_digital.o
enable              0x2               wiring_digital.o
d7                  0x1               wiring_digital.o
d2                  0x1               wiring_digital.o
d0                  0x1               wiring_digital.o
d5                  0x1               wiring_digital.o
d4                  0x1               wiring_digital.o
d6                  0x1               wiring_digital.o
d3                  0x1               wiring_digital.o

Memory Configuration

Name             Origin             Length             Attributes
text             0x00000000         0x00002000         xr
data             0x00800060         0x0000ffa0         rw !x
eeprom           0x00810000         0x00010000         rw !x
fuse             0x00820000         0x00000400         rw !x
lock             0x00830000         0x00000400         rw !x
signature        0x00840000         0x00000400         rw !x
*default*        0x00000000         0xffffffff

Linker script and memory map

LOAD c:/winavr-20081205/bin/../lib/gcc/avr/4.3.2/../../../../avr/lib/avr4/crtm8.o
LOAD digital_voltmeter.o
LOAD wiring_digital.o
LOAD c:/winavr-20081205/bin/../lib/gcc/avr/4.3.2/../../../../avr/lib/avr4\libc.a
LOAD c:/winavr-20081205/bin/../lib/gcc/avr/4.3.2/../../../../avr/lib/avr4\libm.a
LOAD c:/winavr-20081205/bin/../lib/gcc/avr/4.3.2/../../../../avr/lib/avr4\libobjc.a
LOAD c:/winavr-20081205/bin/../lib/gcc/avr/4.3.2/../../../../avr/lib/avr4\libprintf_flt.a
LOAD c:/winavr-20081205/bin/../lib/gcc/avr/4.3.2/../../../../avr/lib/avr4\libprintf_min.a
LOAD c:/winavr-20081205/bin/../lib/gcc/avr/4.3.2/../../../../avr/lib/avr4\libscanf_flt.a
LOAD c:/winavr-20081205/bin/../lib/gcc/avr/4.3.2/../../../../avr/lib/avr4\libscanf_min.a
LOAD c:/winavr-20081205/bin/../lib/gcc/avr/4.3.2/avr4\libgcc.a
LOAD c:/winavr-20081205/bin/../lib/gcc/avr/4.3.2/../../../../avr/lib/avr4\libc.a
LOAD c:/winavr-20081205/bin/../lib/gcc/avr/4.3.2/avr4\libgcc.a

.hash
 *(.hash)

.dynsym
 *(.dynsym)

.dynstr
 *(.dynstr)

.gnu.version
 *(.gnu.version)

.gnu.version_d
 *(.gnu.version_d)

.gnu.version_r
 *(.gnu.version_r)

.rel.init
 *(.rel.init)

.rela.init
 *(.rela.init)

.rel.text
 *(.rel.text)
 *(.rel.text.*)
 *(.rel.gnu.linkonce.t*)

.rela.text
 *(.rela.text)
 *(.rela.text.*)
 *(.rela.gnu.linkonce.t*)

.rel.fini
 *(.rel.fini)

.rela.fini
 *(.rela.fini)

.rel.rodata
 *(.rel.rodata)
 *(.rel.rodata.*)
 *(.rel.gnu.linkonce.r*)

.rela.rodata
 *(.rela.rodata)
 *(.rela.rodata.*)
 *(.rela.gnu.linkonce.r*)

.rel.data
 *(.rel.data)
 *(.rel.data.*)
 *(.rel.gnu.linkonce.d*)

.rela.data
 *(.rela.data)
 *(.rela.data.*)
 *(.rela.gnu.linkonce.d*)

.rel.ctors
 *(.rel.ctors)

.rela.ctors
 *(.rela.ctors)

.rel.dtors
 *(.rel.dtors)

.rela.dtors
 *(.rela.dtors)

.rel.got
 *(.rel.got)

.rela.got
 *(.rela.got)

.rel.bss
 *(.rel.bss)

.rela.bss
 *(.rela.bss)

.rel.plt
 *(.rel.plt)

.rela.plt
 *(.rela.plt)

.text           0x00000000      0xb9c
 *(.vectors)
 .vectors       0x00000000       0x26 c:/winavr-20081205/bin/../lib/gcc/avr/4.3.2/../../../../avr/lib/avr4/crtm8.o
                0x00000000                __vectors
                0x00000000                __vector_default
 *(.vectors)
 *(.progmem.gcc*)
 *(.progmem*)
 .progmem.data  0x00000026       0x84 wiring_digital.o
                0x00000026                port_to_mode_PGM
                0x00000050                digital_pin_to_port_PGM
                0x0000006e                digital_pin_to_bit_mask_PGM
                0x00000034                port_to_output_PGM
                0x00000042                port_to_input_PGM
                0x0000008c                digital_pin_to_timer_PGM
                0x0000009e                analog_pin_to_channel_PGM
                0x000000aa                . = ALIGN (0x2)
                0x000000aa                __trampolines_start = .
 *(.trampolines)
 .trampolines   0x000000aa        0x0 linker stubs
 *(.trampolines*)
                0x000000aa                __trampolines_end = .
 *(.jumptables)
 *(.jumptables*)
 *(.lowtext)
 *(.lowtext*)
                0x000000aa                __ctors_start = .
 *(.ctors)
                0x000000aa                __ctors_end = .
                0x000000aa                __dtors_start = .
 *(.dtors)
                0x000000aa                __dtors_end = .
 SORT(*)(.ctors)
 SORT(*)(.dtors)
 *(.init0)
 .init0         0x000000aa        0x0 c:/winavr-20081205/bin/../lib/gcc/avr/4.3.2/../../../../avr/lib/avr4/crtm8.o
                0x000000aa                __init
 *(.init0)
 *(.init1)
 *(.init1)
 *(.init2)
 .init2         0x000000aa        0xc c:/winavr-20081205/bin/../lib/gcc/avr/4.3.2/../../../../avr/lib/avr4/crtm8.o
 *(.init2)
 *(.init3)
 *(.init3)
 *(.init4)
 .init4         0x000000b6       0x16 c:/winavr-20081205/bin/../lib/gcc/avr/4.3.2/avr4\libgcc.a(_copy_data.o)
                0x000000b6                __do_copy_data
 .init4         0x000000cc       0x10 c:/winavr-20081205/bin/../lib/gcc/avr/4.3.2/avr4\libgcc.a(_clear_bss.o)
                0x000000cc                __do_clear_bss
 *(.init4)
 *(.init5)
 *(.init5)
 *(.init6)
 *(.init6)
 *(.init7)
 *(.init7)
 *(.init8)
 *(.init8)
 *(.init9)
 .init9         0x000000dc        0x4 c:/winavr-20081205/bin/../lib/gcc/avr/4.3.2/../../../../avr/lib/avr4/crtm8.o
 *(.init9)
 *(.text)
 .text          0x000000e0        0x2 c:/winavr-20081205/bin/../lib/gcc/avr/4.3.2/../../../../avr/lib/avr4/crtm8.o
                0x000000e0                __vector_1
                0x000000e0                __vector_12
                0x000000e0                __bad_interrupt
                0x000000e0                __vector_6
                0x000000e0                __vector_3
                0x000000e0                __vector_11
                0x000000e0                __vector_13
                0x000000e0                __vector_17
                0x000000e0                __vector_7
                0x000000e0                __vector_5
                0x000000e0                __vector_4
                0x000000e0                __vector_9
                0x000000e0                __vector_2
                0x000000e0                __vector_15
                0x000000e0                __vector_8
                0x000000e0                __vector_14
                0x000000e0                __vector_10
                0x000000e0                __vector_16
                0x000000e0                __vector_18
 .text          0x000000e2      0x1da digital_voltmeter.o
                0x00000150                loop
                0x000000e2                main
                0x00000126                setup
 .text          0x000002bc      0x50c wiring_digital.o
                0x000003d4                lcd_printl
                0x000002de                LiquidCrystal_lcd
                0x000006f6                digitalRead
                0x000003f2                lcd_setCursor
                0x00000602                digitalWrite
                0x00000432                pinMode
                0x000003b6                lcd_print
                0x000002bc                delay
                0x0000032c                lcd_begin
                0x0000041a                analogRead
 .text          0x000007c8        0x4 c:/winavr-20081205/bin/../lib/gcc/avr/4.3.2/../../../../avr/lib/avr4\libc.a(exit.o)
                0x000007c8                exit
 .text          0x000007cc        0x0 c:/winavr-20081205/bin/../lib/gcc/avr/4.3.2/../../../../avr/lib/avr4\libc.a(addsf3.o)
 .text          0x000007cc        0x0 c:/winavr-20081205/bin/../lib/gcc/avr/4.3.2/../../../../avr/lib/avr4\libc.a(addsf3x.o)
 .text          0x000007cc        0x0 c:/winavr-20081205/bin/../lib/gcc/avr/4.3.2/../../../../avr/lib/avr4\libc.a(cmpsf2.o)
 .text          0x000007cc        0x0 c:/winavr-20081205/bin/../lib/gcc/avr/4.3.2/../../../../avr/lib/avr4\libc.a(divsf3.o)
 .text          0x000007cc        0x0 c:/winavr-20081205/bin/../lib/gcc/avr/4.3.2/../../../../avr/lib/avr4\libc.a(divsf3x.o)
 .text          0x000007cc        0x0 c:/winavr-20081205/bin/../lib/gcc/avr/4.3.2/../../../../avr/lib/avr4\libc.a(floatsisf.o)
 .text          0x000007cc        0x0 c:/winavr-20081205/bin/../lib/gcc/avr/4.3.2/../../../../avr/lib/avr4\libc.a(fp_cmp.o)
 .text          0x000007cc        0x0 c:/winavr-20081205/bin/../lib/gcc/avr/4.3.2/../../../../avr/lib/avr4\libc.a(fp_inf.o)
 .text          0x000007cc        0x0 c:/winavr-20081205/bin/../lib/gcc/avr/4.3.2/../../../../avr/lib/avr4\libc.a(fp_nan.o)
 .text          0x000007cc        0x0 c:/winavr-20081205/bin/../lib/gcc/avr/4.3.2/../../../../avr/lib/avr4\libc.a(fp_pscA.o)
 .text          0x000007cc        0x0 c:/winavr-20081205/bin/../lib/gcc/avr/4.3.2/../../../../avr/lib/avr4\libc.a(fp_pscB.o)
 .text          0x000007cc        0x0 c:/winavr-20081205/bin/../lib/gcc/avr/4.3.2/../../../../avr/lib/avr4\libc.a(fp_round.o)
 .text          0x000007cc        0x0 c:/winavr-20081205/bin/../lib/gcc/avr/4.3.2/../../../../avr/lib/avr4\libc.a(fp_split3.o)
 .text          0x000007cc        0x0 c:/winavr-20081205/bin/../lib/gcc/avr/4.3.2/../../../../avr/lib/avr4\libc.a(fp_zero.o)
 .text          0x000007cc        0x0 c:/winavr-20081205/bin/../lib/gcc/avr/4.3.2/../../../../avr/lib/avr4\libc.a(mulsf3.o)
 .text          0x000007cc        0x0 c:/winavr-20081205/bin/../lib/gcc/avr/4.3.2/../../../../avr/lib/avr4\libc.a(mulsf3x.o)
 .text          0x000007cc        0x0 c:/winavr-20081205/bin/../lib/gcc/avr/4.3.2/avr4\libgcc.a(_exit.o)
 .text          0x000007cc        0x0 c:/winavr-20081205/bin/../lib/gcc/avr/4.3.2/avr4\libgcc.a(_copy_data.o)
 .text          0x000007cc        0x0 c:/winavr-20081205/bin/../lib/gcc/avr/4.3.2/avr4\libgcc.a(_clear_bss.o)
                0x000007cc                . = ALIGN (0x2)
 *(.text.*)
 .text.fplib    0x000007cc        0xa c:/winavr-20081205/bin/../lib/gcc/avr/4.3.2/../../../../avr/lib/avr4\libc.a(addsf3.o)
                0x000007cc                __subsf3
                0x000007ce                __addsf3
 .text.fplib    0x000007d6       0xc0 c:/winavr-20081205/bin/../lib/gcc/avr/4.3.2/../../../../avr/lib/avr4\libc.a(addsf3x.o)
                0x000007f0                __addsf3x
 .text.fplib    0x00000896        0x8 c:/winavr-20081205/bin/../lib/gcc/avr/4.3.2/../../../../avr/lib/avr4\libc.a(cmpsf2.o)
                0x00000896                __lesf2
                0x00000896                __nesf2
                0x00000896                __eqsf2
                0x00000896                __cmpsf2
                0x00000896                __ltsf2
 .text.fplib    0x0000089e        0x4 c:/winavr-20081205/bin/../lib/gcc/avr/4.3.2/../../../../avr/lib/avr4\libc.a(divsf3.o)
                0x0000089e                __divsf3
 .text.fplib    0x000008a2       0xcc c:/winavr-20081205/bin/../lib/gcc/avr/4.3.2/../../../../avr/lib/avr4\libc.a(divsf3x.o)
                0x000008b8                __divsf3x
                0x000008bc                __divsf3_pse
 .text.fplib    0x0000096e       0x7a c:/winavr-20081205/bin/../lib/gcc/avr/4.3.2/../../../../avr/lib/avr4\libc.a(floatsisf.o)
                0x00000972                __floatsisf
                0x0000096e                __floatunsisf
 .text.fplib    0x000009e8       0x48 c:/winavr-20081205/bin/../lib/gcc/avr/4.3.2/../../../../avr/lib/avr4\libc.a(fp_cmp.o)
                0x000009e8                __fp_cmp
 .text.fplib    0x00000a30        0xc c:/winavr-20081205/bin/../lib/gcc/avr/4.3.2/../../../../avr/lib/avr4\libc.a(fp_inf.o)
                0x00000a30                __fp_inf
 .text.fplib    0x00000a3c        0x6 c:/winavr-20081205/bin/../lib/gcc/avr/4.3.2/../../../../avr/lib/avr4\libc.a(fp_nan.o)
                0x00000a3c                __fp_nan
 .text.fplib    0x00000a42        0xe c:/winavr-20081205/bin/../lib/gcc/avr/4.3.2/../../../../avr/lib/avr4\libc.a(fp_pscA.o)
                0x00000a42                __fp_pscA
 .text.fplib    0x00000a50        0xe c:/winavr-20081205/bin/../lib/gcc/avr/4.3.2/../../../../avr/lib/avr4\libc.a(fp_pscB.o)
                0x00000a50                __fp_pscB
 .text.fplib    0x00000a5e       0x22 c:/winavr-20081205/bin/../lib/gcc/avr/4.3.2/../../../../avr/lib/avr4\libc.a(fp_round.o)
                0x00000a5e                __fp_round
 .text.fplib    0x00000a80       0x44 c:/winavr-20081205/bin/../lib/gcc/avr/4.3.2/../../../../avr/lib/avr4\libc.a(fp_split3.o)
                0x00000a80                __fp_split3
                0x00000a90                __fp_splitA
 .text.fplib    0x00000ac4        0xe c:/winavr-20081205/bin/../lib/gcc/avr/4.3.2/../../../../avr/lib/avr4\libc.a(fp_zero.o)
                0x00000ac4                __fp_zero
                0x00000ac6                __fp_szero
 .text.fplib    0x00000ad2        0x4 c:/winavr-20081205/bin/../lib/gcc/avr/4.3.2/../../../../avr/lib/avr4\libc.a(mulsf3.o)
                0x00000ad2                __mulsf3
 .text.fplib    0x00000ad6       0xc2 c:/winavr-20081205/bin/../lib/gcc/avr/4.3.2/../../../../avr/lib/avr4\libc.a(mulsf3x.o)
                0x00000aee                __mulsf3_pse
                0x00000aea                __mulsf3x
 .text.libgcc   0x00000b98        0x0 c:/winavr-20081205/bin/../lib/gcc/avr/4.3.2/avr4\libgcc.a(_exit.o)
 .text.libgcc   0x00000b98        0x0 c:/winavr-20081205/bin/../lib/gcc/avr/4.3.2/avr4\libgcc.a(_copy_data.o)
 .text.libgcc   0x00000b98        0x0 c:/winavr-20081205/bin/../lib/gcc/avr/4.3.2/avr4\libgcc.a(_clear_bss.o)
                0x00000b98                . = ALIGN (0x2)
 *(.fini9)
 .fini9         0x00000b98        0x0 c:/winavr-20081205/bin/../lib/gcc/avr/4.3.2/avr4\libgcc.a(_exit.o)
                0x00000b98                _exit
 *(.fini9)
 *(.fini8)
 *(.fini8)
 *(.fini7)
 *(.fini7)
 *(.fini6)
 *(.fini6)
 *(.fini5)
 *(.fini5)
 *(.fini4)
 *(.fini4)
 *(.fini3)
 *(.fini3)
 *(.fini2)
 *(.fini2)
 *(.fini1)
 *(.fini1)
 *(.fini0)
 .fini0         0x00000b98        0x4 c:/winavr-20081205/bin/../lib/gcc/avr/4.3.2/avr4\libgcc.a(_exit.o)
 *(.fini0)
                0x00000b9c                _etext = .

.data           0x00800060       0x68 load address 0x00000b9c
                0x00800060                PROVIDE (__data_start, .)
 *(.data)
 .data          0x00800060        0x0 c:/winavr-20081205/bin/../lib/gcc/avr/4.3.2/../../../../avr/lib/avr4/crtm8.o
 .data          0x00800060       0x43 digital_voltmeter.o
                0x00800084                R1
                0x00800088                R2
 .data          0x008000a3       0x24 wiring_digital.o
 .data          0x008000c7        0x0 c:/winavr-20081205/bin/../lib/gcc/avr/4.3.2/../../../../avr/lib/avr4\libc.a(exit.o)
 .data          0x008000c7        0x0 c:/winavr-20081205/bin/../lib/gcc/avr/4.3.2/../../../../avr/lib/avr4\libc.a(addsf3.o)
 .data          0x008000c7        0x0 c:/winavr-20081205/bin/../lib/gcc/avr/4.3.2/../../../../avr/lib/avr4\libc.a(addsf3x.o)
 .data          0x008000c7        0x0 c:/winavr-20081205/bin/../lib/gcc/avr/4.3.2/../../../../avr/lib/avr4\libc.a(cmpsf2.o)
 .data          0x008000c7        0x0 c:/winavr-20081205/bin/../lib/gcc/avr/4.3.2/../../../../avr/lib/avr4\libc.a(divsf3.o)
 .data          0x008000c7        0x0 c:/winavr-20081205/bin/../lib/gcc/avr/4.3.2/../../../../avr/lib/avr4\libc.a(divsf3x.o)
 .data          0x008000c7        0x0 c:/winavr-20081205/bin/../lib/gcc/avr/4.3.2/../../../../avr/lib/avr4\libc.a(floatsisf.o)
 .data          0x008000c7        0x0 c:/winavr-20081205/bin/../lib/gcc/avr/4.3.2/../../../../avr/lib/avr4\libc.a(fp_cmp.o)
 .data          0x008000c7        0x0 c:/winavr-20081205/bin/../lib/gcc/avr/4.3.2/../../../../avr/lib/avr4\libc.a(fp_inf.o)
 .data          0x008000c7        0x0 c:/winavr-20081205/bin/../lib/gcc/avr/4.3.2/../../../../avr/lib/avr4\libc.a(fp_nan.o)
 .data          0x008000c7        0x0 c:/winavr-20081205/bin/../lib/gcc/avr/4.3.2/../../../../avr/lib/avr4\libc.a(fp_pscA.o)
 .data          0x008000c7        0x0 c:/winavr-20081205/bin/../lib/gcc/avr/4.3.2/../../../../avr/lib/avr4\libc.a(fp_pscB.o)
 .data          0x008000c7        0x0 c:/winavr-20081205/bin/../lib/gcc/avr/4.3.2/../../../../avr/lib/avr4\libc.a(fp_round.o)
 .data          0x008000c7        0x0 c:/winavr-20081205/bin/../lib/gcc/avr/4.3.2/../../../../avr/lib/avr4\libc.a(fp_split3.o)
 .data          0x008000c7        0x0 c:/winavr-20081205/bin/../lib/gcc/avr/4.3.2/../../../../avr/lib/avr4\libc.a(fp_zero.o)
 .data          0x008000c7        0x0 c:/winavr-20081205/bin/../lib/gcc/avr/4.3.2/../../../../avr/lib/avr4\libc.a(mulsf3.o)
 .data          0x008000c7        0x0 c:/winavr-20081205/bin/../lib/gcc/avr/4.3.2/../../../../avr/lib/avr4\libc.a(mulsf3x.o)
 .data          0x008000c7        0x0 c:/winavr-20081205/bin/../lib/gcc/avr/4.3.2/avr4\libgcc.a(_exit.o)
 .data          0x008000c7        0x0 c:/winavr-20081205/bin/../lib/gcc/avr/4.3.2/avr4\libgcc.a(_copy_data.o)
 .data          0x008000c7        0x0 c:/winavr-20081205/bin/../lib/gcc/avr/4.3.2/avr4\libgcc.a(_clear_bss.o)
 *(.data*)
 *(.rodata)
 *(.rodata*)
 *(.gnu.linkonce.d*)
                0x008000c8                . = ALIGN (0x2)
 *fill*         0x008000c7        0x1 00
                0x008000c8                _edata = .
                0x008000c8                PROVIDE (__data_end, .)

.bss            0x008000c8       0x16
                0x008000c8                PROVIDE (__bss_start, .)
 *(.bss)
 .bss           0x008000c8        0x0 c:/winavr-20081205/bin/../lib/gcc/avr/4.3.2/../../../../avr/lib/avr4/crtm8.o
 .bss           0x008000c8        0xc digital_voltmeter.o
                0x008000c8                analogInput
                0x008000ca                vout
                0x008000ce                vin
                0x008000d2                value
 .bss           0x008000d4        0x0 wiring_digital.o
 .bss           0x008000d4        0x0 c:/winavr-20081205/bin/../lib/gcc/avr/4.3.2/../../../../avr/lib/avr4\libc.a(exit.o)
 .bss           0x008000d4        0x0 c:/winavr-20081205/bin/../lib/gcc/avr/4.3.2/../../../../avr/lib/avr4\libc.a(addsf3.o)
 .bss           0x008000d4        0x0 c:/winavr-20081205/bin/../lib/gcc/avr/4.3.2/../../../../avr/lib/avr4\libc.a(addsf3x.o)
 .bss           0x008000d4        0x0 c:/winavr-20081205/bin/../lib/gcc/avr/4.3.2/../../../../avr/lib/avr4\libc.a(cmpsf2.o)
 .bss           0x008000d4        0x0 c:/winavr-20081205/bin/../lib/gcc/avr/4.3.2/../../../../avr/lib/avr4\libc.a(divsf3.o)
 .bss           0x008000d4        0x0 c:/winavr-20081205/bin/../lib/gcc/avr/4.3.2/../../../../avr/lib/avr4\libc.a(divsf3x.o)
 .bss           0x008000d4        0x0 c:/winavr-20081205/bin/../lib/gcc/avr/4.3.2/../../../../avr/lib/avr4\libc.a(floatsisf.o)
 .bss           0x008000d4        0x0 c:/winavr-20081205/bin/../lib/gcc/avr/4.3.2/../../../../avr/lib/avr4\libc.a(fp_cmp.o)
 .bss           0x008000d4        0x0 c:/winavr-20081205/bin/../lib/gcc/avr/4.3.2/../../../../avr/lib/avr4\libc.a(fp_inf.o)
 .bss           0x008000d4        0x0 c:/winavr-20081205/bin/../lib/gcc/avr/4.3.2/../../../../avr/lib/avr4\libc.a(fp_nan.o)
 .bss           0x008000d4        0x0 c:/winavr-20081205/bin/../lib/gcc/avr/4.3.2/../../../../avr/lib/avr4\libc.a(fp_pscA.o)
 .bss           0x008000d4        0x0 c:/winavr-20081205/bin/../lib/gcc/avr/4.3.2/../../../../avr/lib/avr4\libc.a(fp_pscB.o)
 .bss           0x008000d4        0x0 c:/winavr-20081205/bin/../lib/gcc/avr/4.3.2/../../../../avr/lib/avr4\libc.a(fp_round.o)
 .bss           0x008000d4        0x0 c:/winavr-20081205/bin/../lib/gcc/avr/4.3.2/../../../../avr/lib/avr4\libc.a(fp_split3.o)
 .bss           0x008000d4        0x0 c:/winavr-20081205/bin/../lib/gcc/avr/4.3.2/../../../../avr/lib/avr4\libc.a(fp_zero.o)
 .bss           0x008000d4        0x0 c:/winavr-20081205/bin/../lib/gcc/avr/4.3.2/../../../../avr/lib/avr4\libc.a(mulsf3.o)
 .bss           0x008000d4        0x0 c:/winavr-20081205/bin/../lib/gcc/avr/4.3.2/../../../../avr/lib/avr4\libc.a(mulsf3x.o)
 .bss           0x008000d4        0x0 c:/winavr-20081205/bin/../lib/gcc/avr/4.3.2/avr4\libgcc.a(_exit.o)
 .bss           0x008000d4        0x0 c:/winavr-20081205/bin/../lib/gcc/avr/4.3.2/avr4\libgcc.a(_copy_data.o)
 .bss           0x008000d4        0x0 c:/winavr-20081205/bin/../lib/gcc/avr/4.3.2/avr4\libgcc.a(_clear_bss.o)
 *(.bss*)
 *(COMMON)
 COMMON         0x008000d4        0xa wiring_digital.o
                0x008000d4                d1
                0x008000d5                enable
                0x008000d7                d7
                0x008000d8                d2
                0x008000d9                d0
                0x008000da                d5
                0x008000db                d4
                0x008000dc                d6
                0x008000dd                d3
                0x008000de                PROVIDE (__bss_end, .)
                0x00000b9c                __data_load_start = LOADADDR (.data)
                0x00000c04                __data_load_end = (__data_load_start + SIZEOF (.data))

.noinit         0x008000de        0x0
                0x008000de                PROVIDE (__noinit_start, .)
 *(.noinit*)
                0x008000de                PROVIDE (__noinit_end, .)
                0x008000de                _end = .
                0x008000de                PROVIDE (__heap_start, .)

.eeprom         0x00810000        0x0
 *(.eeprom*)
                0x00810000                __eeprom_end = .

.fuse
 *(.fuse)
 *(.lfuse)
 *(.hfuse)
 *(.efuse)

.lock
 *(.lock*)

.signature
 *(.signature*)

.stab
 *(.stab)

.stabstr
 *(.stabstr)

.stab.excl
 *(.stab.excl)

.stab.exclstr
 *(.stab.exclstr)

.stab.index
 *(.stab.index)

.stab.indexstr
 *(.stab.indexstr)

.comment
 *(.comment)

.debug
 *(.debug)

.line
 *(.line)

.debug_srcinfo
 *(.debug_srcinfo)

.debug_sfnames
 *(.debug_sfnames)

.debug_aranges  0x00000000       0x40
 *(.debug_aranges)
 .debug_aranges
                0x00000000       0x20 digital_voltmeter.o
 .debug_aranges
                0x00000020       0x20 wiring_digital.o

.debug_pubnames
                0x00000000      0x20e
 *(.debug_pubnames)
 .debug_pubnames
                0x00000000       0x67 digital_voltmeter.o
 .debug_pubnames
                0x00000067      0x1a7 wiring_digital.o

.debug_info     0x00000000      0xd98
 *(.debug_info)
 .debug_info    0x00000000      0x379 digital_voltmeter.o
 .debug_info    0x00000379      0xa1f wiring_digital.o
 *(.gnu.linkonce.wi.*)

.debug_abbrev   0x00000000      0x1f3
 *(.debug_abbrev)
 .debug_abbrev  0x00000000       0xb3 digital_voltmeter.o
 .debug_abbrev  0x000000b3      0x140 wiring_digital.o

.debug_line     0x00000000      0x481
 *(.debug_line)
 .debug_line    0x00000000      0x146 digital_voltmeter.o
 .debug_line    0x00000146      0x33b wiring_digital.o

.debug_frame    0x00000000      0x100
 *(.debug_frame)
 .debug_frame   0x00000000       0x40 digital_voltmeter.o
 .debug_frame   0x00000040       0xc0 wiring_digital.o

.debug_str      0x00000000      0x301
 *(.debug_str)
 .debug_str     0x00000000      0x129 digital_voltmeter.o
                                0x15d (size before relaxing)
 .debug_str     0x00000129      0x1d8 wiring_digital.o
                                0x2fb (size before relaxing)

.debug_loc
 *(.debug_loc)

.debug_macinfo
 *(.debug_macinfo)
OUTPUT(ledtest.elf elf32-avr)
LOAD linker stubs
