C51 COMPILER V9.52.0.0   DOT                                                               01/01/2006 00:12:00 PAGE 1   


C51 COMPILER V9.52.0.0, COMPILATION OF MODULE DOT
OBJECT MODULE PLACED IN dot.OBJ
COMPILER INVOKED BY: C:\Keil\C51\BIN\C51.EXE dot.c BROWSE DEBUG OBJECTEXTEND TABS(2)

line level    source

   1          #include<regx52.h>
   2          int i=0,j,d=0;
   3          sbit INC=P3^1;
   4          void display(int);
   5          void delay(unsigned int msec)  // Function to provide time delay in msec.
   6          {
   7   1      for(i=0;i<msec;i++)
   8   1      for(j=0;j<675;j++);
   9   1      }
  10          
  11          
  12          void make_A()
  13          {
  14   1        P1 = 0x02;
  15   1        P2 = 0xFC;
  16   1        delay(d);
  17   1        P1 = 0x04;
  18   1        P2 = 0x12;
  19   1        delay(d);
  20   1        P1 = 0x08;
  21   1        P2 = 0x12;
  22   1        delay(d);
  23   1        P1 = 0x10;
  24   1        P2 = 0x12;
  25   1        delay(d);
  26   1        P1 = 0x20;
  27   1        P2 = 0x12;
  28   1        delay(d);
  29   1        P1 = 0x40;
  30   1        P2 = 0xFC;
  31   1        delay(d);
  32   1      }
  33          
  34          void make_B()
  35          {
  36   1        P1 = 0x02;
  37   1        P2 = 0x7C;
  38   1        delay(d);
  39   1        P1 = 0x04;
  40   1        P2 = 0x92;
  41   1        delay(d);
  42   1        P1 = 0x08;
  43   1        P2 = 0x92;
  44   1        delay(d);
  45   1        P1 = 0x10;
  46   1        P2 = 0x92;
  47   1        delay(d);
  48   1        P1 = 0x20;
  49   1        P2 = 0xFE;
  50   1        delay(d);
  51   1        P1 = 0x40;
  52   1        P2 = 0x82;
  53   1        delay(d);
  54   1      }
  55          void make_C()
C51 COMPILER V9.52.0.0   DOT                                                               01/01/2006 00:12:00 PAGE 2   

  56          {
  57   1        P1 = 0x02;
  58   1        P2 = 0x82;
  59   1        delay(d);
  60   1        P1 = 0x04;
  61   1        P2 = 0x82;
  62   1        delay(d);
  63   1        P1 = 0x08;
  64   1        P2 = 0x82;
  65   1        delay(d);
  66   1        P1 = 0x10;
  67   1        P2 = 0x82;
  68   1        delay(d);
  69   1        P1 = 0x20;
  70   1        P2 = 0x82;
  71   1        delay(d);
  72   1        P1 = 0x40;
  73   1        P2 = 0x7C;
  74   1        delay(d);
  75   1      }
  76          void make_D()
  77          {
  78   1        P1 = 0x02;
  79   1        P2 = 0x7C;
  80   1        delay(d);
  81   1        P1 = 0x04;
  82   1        P2 = 0x82;
  83   1        delay(d);
  84   1        P1 = 0x08;
  85   1        P2 = 0x82;
  86   1        delay(d);
  87   1        P1 = 0x10;
  88   1        P2 = 0x82;
  89   1        delay(d);
  90   1        P1 = 0x20;
  91   1        P2 = 0x82;
  92   1        delay(d);
  93   1        P1 = 0x40;
  94   1        P2 = 0xFE;
  95   1        delay(d);
  96   1        P1 = 0x80;
  97   1        P2 = 0x82;
  98   1        delay(d);
  99   1      }
 100          void make_E()
 101          {
 102   1        P1 = 0x02;
 103   1        P2 = 0x92;
 104   1        delay(d);
 105   1        P1 = 0x04;
 106   1        P2 = 0x92;
 107   1        delay(d);
 108   1        P1 = 0x08;
 109   1        P2 = 0x92;
 110   1        delay(d);
 111   1        P1 = 0x10;
 112   1        P2 = 0x92;
 113   1        delay(d);
 114   1        P1 = 0x20;
 115   1        P2 = 0x92;
 116   1        delay(d);
 117   1        P1 = 0x40;
C51 COMPILER V9.52.0.0   DOT                                                               01/01/2006 00:12:00 PAGE 3   

 118   1        P2 = 0xFE;
 119   1        delay(d);
 120   1      }
 121          void make_F()
 122          {
 123   1        P1 = 0x02;
 124   1        P2 = 0x12;
 125   1        delay(d);
 126   1        P1 = 0x04;
 127   1        P2 = 0x12;
 128   1        delay(d);
 129   1        P1 = 0x08;
 130   1        P2 = 0x12;
 131   1        delay(d);
 132   1        P1 = 0x10;
 133   1        P2 = 0x12;
 134   1        delay(d);
 135   1        P1 = 0x20;
 136   1        P2 = 0x12;
 137   1        delay(d);
 138   1        P1 = 0x40;
 139   1        P2 = 0xFE;
 140   1        delay(d);
 141   1        
 142   1      } 
 143          void make_G()
 144          {
 145   1        P1 = 0x02;
 146   1        P2 = 0x00;
 147   1        delay(d);
 148   1        P1 = 0x04;
 149   1        P2 = 0x36;
 150   1        delay(d);
 151   1        P1 = 0x08;
 152   1        P2 = 0x52;
 153   1        delay(d);
 154   1        P1 = 0x10;
 155   1        P2 = 0x42;
 156   1        delay(d);
 157   1        P1 = 0x20;
 158   1        P2 = 0x42;
 159   1        delay(d);
 160   1        P1 = 0x40;
 161   1        P2 = 0x3C;
 162   1        delay(d);
 163   1      }
 164          void make_H()
 165          {
 166   1        P1 = 0x02;
 167   1        P2 = 0xFE;
 168   1        delay(d);
 169   1        P1 = 0x04;
 170   1        P2 = 0x10;
 171   1        delay(d);
 172   1        P1 = 0x08;
 173   1        P2 = 0x10;
 174   1        delay(d);
 175   1        P1 = 0x10;
 176   1        P2 = 0x10;
 177   1        delay(d);
 178   1        P1 = 0x20;
 179   1        P2 = 0x10;
C51 COMPILER V9.52.0.0   DOT                                                               01/01/2006 00:12:00 PAGE 4   

 180   1        delay(d);
 181   1        P1 = 0x40;
 182   1        P2 = 0xFE;
 183   1        delay(d);
 184   1      }
 185          void make_I()
 186          {
 187   1        P1 = 0x02;
 188   1        P2 = 0x00;
 189   1        delay(d);
 190   1        P1 = 0x04;
 191   1        P2 = 0x82;
 192   1        delay(d);
 193   1        P1 = 0x08;
 194   1        P2 = 0xFE;
 195   1        delay(d);
 196   1        P1 = 0x10;
 197   1        P2 = 0x82;
 198   1        delay(d);
 199   1        P1 = 0x20;
 200   1        P2 = 0x00;
 201   1        delay(d);
 202   1        P1 = 0x40;
 203   1        P2 = 0x00;
 204   1        delay(d);
 205   1      }
 206          
 207          void make_J()
 208          {
 209   1        P1 = 0x02;
 210   1        P2 = 0x00;
 211   1        delay(d);
 212   1        P1 = 0x04;
 213   1        P2 = 0x02;
 214   1        delay(d);
 215   1        P1 = 0x08;
 216   1        P2 = 0x7E;
 217   1        delay(d);
 218   1        P1 = 0x10;
 219   1        P2 = 0x82;
 220   1        delay(d);
 221   1        P1 = 0x20;
 222   1        P2 = 0x40;
 223   1        delay(d);
 224   1        P1 = 0x40;
 225   1        P2 = 0x00;
 226   1        delay(d);
 227   1      }
 228          void make_K()
 229          {
 230   1        P1 = 0x02;
 231   1        P2 = 0x00;
 232   1        delay(d);
 233   1        P1 = 0x04;
 234   1        P2 = 0x82;
 235   1        delay(d);
 236   1        P1 = 0x08;
 237   1        P2 = 0x82;
 238   1        delay(d);
 239   1        P1 = 0x10;
 240   1        P2 = 0x44;
 241   1        delay(d);
C51 COMPILER V9.52.0.0   DOT                                                               01/01/2006 00:12:00 PAGE 5   

 242   1        P1 = 0x20;
 243   1        P2 = 0x28;
 244   1        delay(d);
 245   1        P1 = 0x40;
 246   1        P2 = 0xFF;
 247   1        delay(d);
 248   1      }
 249          void make_L()
 250          {
 251   1        P1 = 0x02;
 252   1        P2 = 0x00;
 253   1        delay(d);
 254   1        P1 = 0x04;
 255   1        P2 = 0x80;
 256   1        delay(d);
 257   1        P1 = 0x08;
 258   1        P2 = 0x80;
 259   1        delay(d);
 260   1        P1 = 0x10;
 261   1        P2 = 0x80;
 262   1        delay(d);
 263   1        P1 = 0x20;
 264   1        P2 = 0x80;
 265   1        delay(d);
 266   1        P1 = 0x40;
 267   1        P2 = 0xFF;
 268   1        delay(d);
 269   1      }
 270          void make_M()
 271          {
 272   1        P1 = 0x04;
 273   1        P2 = 0xFE;
 274   1          delay(d);
 275   1        P1 = 0x08;
 276   1        P2 = 0x04;
 277   1          delay(d);
 278   1        P1 = 0x10;
 279   1        P2 = 0x08;
 280   1          delay(d);
 281   1        P1 = 0x20;
 282   1        P2 = 0x04;  
 283   1          delay(d);
 284   1        P1 = 0x40;
 285   1        P2 = 0xFE;
 286   1        delay(d);
 287   1        //P1 = 0x40;
 288   1        //P2 = 0x00;
 289   1        //delay(d);
 290   1      }
 291          void make_N()
 292          {
 293   1        P1 = 0x02;
 294   1        P2 = 0x7E;
 295   1          delay(d);
 296   1        P1 = 0x04;
 297   1        P2 = 0x20;
 298   1          delay(d);
 299   1        P1 = 0x08;
 300   1        P2 = 0x10;
 301   1          delay(d);
 302   1        P1 = 0x10;
 303   1        P2 = 0x08;  
C51 COMPILER V9.52.0.0   DOT                                                               01/01/2006 00:12:00 PAGE 6   

 304   1          delay(d);
 305   1        P1 = 0x20;
 306   1        P2 = 0x04;
 307   1        delay(d);
 308   1        P1 = 0x40;
 309   1        P2 = 0x7E;
 310   1        delay(d);
 311   1          P1 = 0x80;
 312   1        P2 = 0x00;
 313   1        delay(d);
 314   1              
 315   1        }
 316          void make_O()
 317          {
 318   1      
 319   1        P1 = 0x01;
 320   1        P2 = 0x00;
 321   1          delay(d);
 322   1        P1 = 0x02;
 323   1        P2 = 0x00;
 324   1          delay(d);
 325   1        P1 = 0x04;
 326   1        P2 = 0x7C;
 327   1          delay(d);
 328   1        P1 = 0x08;
 329   1        P2 = 0x82;  
 330   1          delay(d);
 331   1        P1 = 0x10;
 332   1        P2 = 0x82;
 333   1        delay(d);
 334   1        P1 = 0x20;
 335   1        P2 = 0x82;
 336   1        delay(d);
 337   1        P1 = 0x40;
 338   1        P2 = 0x7C;
 339   1        delay(d);
 340   1      }
 341          void make_P()
 342          {
 343   1        P1 = 0x02;
 344   1        P2 = 0x1C;
 345   1          delay(d);
 346   1        P1 = 0x04;
 347   1        P2 = 0x22;
 348   1          delay(d);
 349   1        P1 = 0x08;
 350   1        P2 = 0x22;
 351   1          delay(d);
 352   1        P1 = 0x10;
 353   1        P2 = 0x22;  
 354   1          delay(d);
 355   1        P1 = 0x20;
 356   1        P2 = 0xFC;
 357   1        delay(d);
 358   1        P1 = 0x40;
 359   1        P2 = 0x00;
 360   1        delay(d);
 361   1      }
 362          void make_Q()
 363          {
 364   1        //P1 = 0x01;
 365   1      //  P2 = 0x00;
C51 COMPILER V9.52.0.0   DOT                                                               01/01/2006 00:12:00 PAGE 7   

 366   1          delay(d);
 367   1        P1 = 0x01;
 368   1        P2 = 0x00;
 369   1          delay(d);
 370   1        P1 = 0x02;
 371   1        P2 = 0x80;
 372   1          delay(d);
 373   1        P1 = 0x04;
 374   1        P2 = 0x7C;
 375   1          delay(d);
 376   1        P1 = 0x08;
 377   1        P2 = 0xA2;  
 378   1          delay(d);
 379   1        P1 = 0x10;
 380   1        P2 = 0x82;
 381   1        delay(d);
 382   1        P1 = 0x20;
 383   1        P2 = 0x82;
 384   1        delay(d);
 385   1        P1 = 0x40;
 386   1        P2 = 0x7C;
 387   1        delay(d);
 388   1        
 389   1      }
 390          void make_R()
 391          {
 392   1        P1 = 0x02;
 393   1        P2 = 0x1C;
 394   1          delay(d);
 395   1        P1 = 0x04;
 396   1        P2 = 0xA2;
 397   1          delay(d);
 398   1        P1 = 0x08;
 399   1        P2 = 0x62;
 400   1        delay(d);
 401   1        P1 = 0x10;
 402   1        P2 = 0x22;  
 403   1          delay(d);
 404   1        P1 = 0x20;
 405   1        P2 = 0x22;
 406   1        delay(d);
 407   1        P1 = 0x40;
 408   1        P2 = 0xFC;
 409   1        delay(d);
 410   1      
 411   1      }
 412          void make_S()
 413          {
 414   1        P1 = 0x02;
 415   1        P2 = 0x00;
 416   1          delay(d);
 417   1        P1 = 0x04;
 418   1        P2 = 0x62;
 419   1          delay(d);
 420   1        P1 = 0x08;
 421   1        P2 = 0x92;
 422   1        delay(d);
 423   1        P1 = 0x10;
 424   1        P2 = 0x92;  
 425   1          delay(d);
 426   1        P1 = 0x20;
 427   1        P2 = 0x8C;
C51 COMPILER V9.52.0.0   DOT                                                               01/01/2006 00:12:00 PAGE 8   

 428   1        delay(d);
 429   1        P1 = 0x40;
 430   1        P2 = 0x80;
 431   1        delay(d);
 432   1      }
 433          void make_T()
 434          {
 435   1        delay(d);
 436   1        P1 = 0x02;
 437   1        P2 = 0x02;
 438   1          delay(d);
 439   1        P1 = 0x04;
 440   1        P2 = 0x02;
 441   1          delay(d);
 442   1        P1 = 0x08;
 443   1        P2 = 0xFE;
 444   1        delay(d);
 445   1        P1 = 0x10;
 446   1        P2 = 0x02;  
 447   1          delay(d);
 448   1        P1 = 0x20;
 449   1        P2 = 0x02;
 450   1        delay(d);
 451   1        P1 = 0x40;
 452   1        P2 = 0x00;
 453   1        delay(d);
 454   1      
 455   1      }
 456          void make_U()
 457          {
 458   1        delay(d);
 459   1        P1 = 0x02;
 460   1        P2 = 0x7E;
 461   1          delay(d);
 462   1        P1 = 0x04;
 463   1        P2 = 0x80;
 464   1          delay(d);
 465   1        P1 = 0x08;
 466   1        P2 = 0x80;
 467   1        delay(d);
 468   1        P1 = 0x10;
 469   1        P2 = 0x80;  
 470   1          delay(d);
 471   1        P1 = 0x20;
 472   1        P2 = 0x7E;
 473   1        delay(d);
 474   1        P1 = 0x40;
 475   1        P2 = 0x00;
 476   1        delay(d);
 477   1      
 478   1      }
 479          void make_V()
 480          {
 481   1        delay(d);
 482   1          P1 = 0x01;
 483   1        P2 = 0x0E;
 484   1          delay(d);
 485   1        P1 = 0x02;
 486   1        P2 = 0x010;
 487   1          delay(d);
 488   1        P1 = 0x04;
 489   1        P2 = 0x20;
C51 COMPILER V9.52.0.0   DOT                                                               01/01/2006 00:12:00 PAGE 9   

 490   1          delay(d);
 491   1        P1 = 0x08;
 492   1        P2 = 0x40;
 493   1        delay(d);
 494   1        P1 = 0x10;
 495   1        P2 = 0x40;  
 496   1          delay(d);
 497   1        P1 = 0x20;
 498   1        P2 = 0x20;
 499   1        delay(d);
 500   1        P1 = 0x40;
 501   1        P2 = 0x10;
 502   1        delay(d);
 503   1        P1 = 0x80;
 504   1        P2 = 0x0E;
 505   1        delay(d);
 506   1      }
 507          
 508          void make_W()
 509          {
 510   1        P1 = 0x02;
 511   1        P2 = 0xFE;
 512   1          delay(d);
 513   1        P1 = 0x04;
 514   1        P2 = 0x40;
 515   1          delay(d);
 516   1        P1 = 0x08;
 517   1        P2 = 0x20;
 518   1          delay(d);
 519   1        P1 = 0x10;
 520   1        P2 = 0x40;  
 521   1          delay(d);
 522   1        P1 = 0x20;
 523   1        P2 = 0xFE;
 524   1        delay(d);
 525   1        P1 = 0x40;
 526   1        P2 = 0x00;
 527   1        delay(d);
 528   1      }
 529          void make_X()
 530          {
 531   1        P1 = 0x02;
 532   1        P2 = 0x42;
 533   1          delay(d);
 534   1        P1 = 0x04;
 535   1        P2 = 0x24;
 536   1          delay(d);
 537   1        P1 = 0x08;
 538   1        P2 = 0x18;
 539   1          delay(d);
 540   1        P1 = 0x10;
 541   1        P2 = 0x18;  
 542   1          delay(d);
 543   1        P1 = 0x20;
 544   1        P2 = 0x24;
 545   1        delay(d);
 546   1        P1 = 0x40;
 547   1        P2 = 0x42;
 548   1        delay(d);
 549   1      
 550   1      }
 551          void make_Y()
C51 COMPILER V9.52.0.0   DOT                                                               01/01/2006 00:12:00 PAGE 10  

 552          {
 553   1        P1 = 0x02;
 554   1        P2 = 0x02;
 555   1          delay(d);
 556   1        P1 = 0x04;
 557   1        P2 = 0x04;
 558   1          delay(d);
 559   1        P1 = 0x08;
 560   1        P2 = 0xF8;
 561   1          delay(d);
 562   1        P1 = 0x10;
 563   1        P2 = 0x04;  
 564   1          delay(d);
 565   1        P1 = 0x20;
 566   1        P2 = 0x02;
 567   1        delay(d);
 568   1        P1 = 0x40;
 569   1        P2 = 0x00;
 570   1        delay(d);
 571   1      }
 572          void make_Z()
 573          {
 574   1        P1 = 0x02;
 575   1        P2 = 0x42;
 576   1          delay(d);
 577   1        P1 = 0x04;
 578   1        P2 = 0x46;
 579   1          delay(d);
 580   1        P1 = 0x08;
 581   1        P2 = 0x4A;
 582   1          delay(d);
 583   1        P1 = 0x10;
 584   1        P2 = 0x52;  
 585   1          delay(d);
 586   1        P1 = 0x20;
 587   1        P2 = 0x62;
 588   1        delay(d);
 589   1        P1 = 0x40;
 590   1        P2 = 0x42;
 591   1        delay(d);
 592   1      }
 593          void main ()
 594          {
 595   1        int k=0, count=0;
 596   1        P1 = 0x00;
 597   1        delay(1);
 598   1        P2 = 0x00;
 599   1        d=1;
 600   1        P3=0xFF;
 601   1      
 602   1        while(1)
 603   1        {
 604   2          if( INC == 1) 
 605   2          {
 606   3             count++;
 607   3              delay(1);
 608   3            if(count == 27)
 609   3              count=0;
 610   3          }
 611   2          for(k=0;k<100;k++)
 612   2          {
 613   3            display(count);
C51 COMPILER V9.52.0.0   DOT                                                               01/01/2006 00:12:00 PAGE 11  

 614   3          }
 615   2          delay(2);
 616   2          
 617   2          /*
 618   2          for(k=0;k<100;k++)
 619   2          {
 620   2            make_A();
 621   2          }
 622   2          for(k=0;k<100;k++)
 623   2          {
 624   2            make_B();
 625   2          }
 626   2          delay(20);
 627   2          for(k=0;k<100;k++)
 628   2          {
 629   2            make_C();
 630   2          }
 631   2          delay(20);
 632   2          for(k=0;k<100;k++)
 633   2          {
 634   2            make_D();
 635   2          }
 636   2          delay(20);
 637   2          for(k=0;k<100;k++)
 638   2          {
 639   2            make_E();
 640   2          }
 641   2          delay(20);
 642   2            for(k=0;k<100;k++)
 643   2          {
 644   2            make_F();
 645   2          }
 646   2          delay(20);
 647   2          for(k=0;k<100;k++)
 648   2          {
 649   2            make_G();
 650   2          }
 651   2          delay(20);
 652   2        
 653   2            for(k=0;k<100;k++)
 654   2          {
 655   2            make_H();
 656   2          }
 657   2          delay(20);
 658   2            for(k=0;k<100;k++)
 659   2          {
 660   2            make_I();
 661   2          }
 662   2          delay(20);
 663   2            for(k=0;k<100;k++)
 664   2          {
 665   2            make_J();
 666   2          }
 667   2          delay(20);
 668   2            for(k=0;k<100;k++)
 669   2          {
 670   2            make_K();
 671   2          }
 672   2          delay(20);
 673   2            for(k=0;k<100;k++)
 674   2          {
 675   2            make_L();
C51 COMPILER V9.52.0.0   DOT                                                               01/01/2006 00:12:00 PAGE 12  

 676   2          }
 677   2          delay(20);
 678   2        
 679   2        for(k=0;k<100;k++)
 680   2          {
 681   2            make_M();
 682   2          }
 683   2          delay(20);
 684   2        for(k=0;k<100;k++)
 685   2          {
 686   2            }
 687   2          delay(20);
 688   2        for(k=0;k<100;k++)
 689   2          {
 690   2            make_N();
 691   2          }
 692   2          delay(20);
 693   2        for(k=0;k<100;k++)
 694   2          {
 695   2              make_O();
 696   2          }
 697   2          delay(20);
 698   2        for(k=0;k<100;k++)
 699   2          {
 700   2                  make_P();
 701   2          }
 702   2          delay(20);
 703   2        for(k=0;k<100;k++)
 704   2          {
 705   2                        make_Q();         
 706   2          }
 707   2          delay(20);
 708   2      for(k=0;k<100;k++)
 709   2          {
 710   2                            make_R();         
 711   2          }
 712   2          delay(20);
 713   2        for(k=0;k<100;k++)
 714   2          {
 715   2                            make_S();         
 716   2          }
 717   2          delay(20);
 718   2        for(k=0;k<100;k++)
 719   2          {
 720   2                                  make_T();         
 721   2          }
 722   2          delay(20);
 723   2        for(k=0;k<100;k++)
 724   2          {
 725   2                                  make_U();         
 726   2          }
 727   2          delay(20);
 728   2        for(k=0;k<100;k++)
 729   2          {
 730   2                            make_V();         
 731   2          }
 732   2          delay(20);
 733   2        for(k=0;k<100;k++)
 734   2          {
 735   2                                make_W();         
 736   2          }
 737   2          delay(20);
C51 COMPILER V9.52.0.0   DOT                                                               01/01/2006 00:12:00 PAGE 13  

 738   2        for(k=0;k<100;k++)
 739   2          {
 740   2                                  make_X();         
 741   2          }
 742   2          delay(20);
 743   2        for(k=0;k<100;k++)
 744   2          {
 745   2                                      make_Y();         
 746   2          }
 747   2          delay(20);
 748   2        for(k=0;k<100;k++)
 749   2          {
 750   2                                          make_Z();         
 751   2          }
 752   2          delay(20);
 753   2        */
 754   2        }
 755   1      }
 756          
 757          void display(int i )
 758          {
 759   1        switch(i)
 760   1        {
 761   2          case 1:
 762   2            make_A();
 763   2          break;
 764   2          case 2:
 765   2            make_B();
 766   2          break;
 767   2          case 3:
 768   2            make_C();
 769   2          break;
 770   2          case 4:
 771   2            make_D();
 772   2          break;
 773   2          case 5:
 774   2            make_E();
 775   2          break;
 776   2          case 6:
 777   2            make_F();
 778   2          break;
 779   2          case 7:
 780   2            make_G();
 781   2          break;
 782   2          case 8:
 783   2            make_H();
 784   2          break;
 785   2          case 9:
 786   2            make_I();
 787   2          break;
 788   2          case 10:
 789   2            make_J();
 790   2          break;
 791   2          case 11:
 792   2            make_K();
 793   2          break;
 794   2          case 12:
 795   2            make_L();
 796   2          break;
 797   2          case 13:
 798   2            make_M();
 799   2          break;
C51 COMPILER V9.52.0.0   DOT                                                               01/01/2006 00:12:00 PAGE 14  

 800   2          case 14:
 801   2            make_N();
 802   2          break;
 803   2          case 15:
 804   2            make_O();
 805   2          break;
 806   2          case 16:
 807   2            make_P();
 808   2          break;
 809   2          case 17:
 810   2            make_Q();
 811   2          break;
 812   2          case 18:
 813   2            make_R();
 814   2          break;
 815   2          case 19:
 816   2            make_S();
 817   2          break;
 818   2          case 20:
 819   2            make_T();
 820   2          break;
 821   2          case 21:
 822   2            make_U();
 823   2          break;
 824   2          case 22:
 825   2            make_V();
 826   2          break;
 827   2          case 23:
 828   2            make_W();
 829   2          break;
 830   2          case 24:
 831   2            make_X();
 832   2          break;
 833   2          case 25:
 834   2            make_Y();
 835   2          break;
 836   2          case 26:
 837   2            make_Z();
 838   2          break;
 839   2          
 840   2          
 841   2        }
 842   1      }


MODULE INFORMATION:   STATIC OVERLAYABLE
   CODE SIZE        =   1820    ----
   CONSTANT SIZE    =   ----    ----
   XDATA SIZE       =   ----    ----
   PDATA SIZE       =   ----    ----
   DATA SIZE        =      6       4
   IDATA SIZE       =   ----    ----
   BIT SIZE         =   ----    ----
END OF MODULE INFORMATION.


C51 COMPILATION COMPLETE.  0 WARNING(S),  0 ERROR(S)
