C51 COMPILER V9.53.0.0   PUSH_SWITCH                                                       02/28/2015 06:02:56 PAGE 1   


C51 COMPILER V9.53.0.0, COMPILATION OF MODULE PUSH_SWITCH
OBJECT MODULE PLACED IN push switch.OBJ
COMPILER INVOKED BY: C:\Keil_v5\C51\BIN\C51.EXE push switch.c OPTIMIZE(8,SPEED) BROWSE DEBUG OBJECTEXTEND

line level    source

   1          #include<reg52.h> /* special function register declarations   */
   2                            /* for the intended 8051 derivative         */
   3          #include<stdio.h> /* prototype declarations for I/O functions */
   4          
   5          sbit LED_pin = P2^0;     //Defining LED PIN
   6          sbit switch_pin = P0^0;  //Defining Switch PIN
   7          
   8          void Delay(int); //Function prototype declaration
   9          void main (void) 
  10          {
  11   1         switch_pin = 1; // Making Switch PIN input
  12   1         LED_pin = 0;    //Making LED pin output
  13   1      
  14   1         while(1)     //infinite loop 
  15   1         {
  16   2            if(switch_pin == 1) //If switch pressed
  17   2            {
  18   3                      LED_pin = 1; //LED ON
  19   3                      Delay(1000); //Delay
  20   3                      LED_pin = 0; //LED OFF  
  21   3            }
  22   2         }
  23   1      }
  24          
  25          void Delay(int k)
  26          {
  27   1          int j;
  28   1          int i;
  29   1          for(i=0;i<k;i++)
  30   1          {
  31   2              for(j=0;j<100;j++)
  32   2              {
  33   3              }
  34   2          }
  35   1      }


MODULE INFORMATION:   STATIC OVERLAYABLE
   CODE SIZE        =     58    ----
   CONSTANT SIZE    =   ----    ----
   XDATA SIZE       =   ----    ----
   PDATA SIZE       =   ----    ----
   DATA SIZE        =   ----    ----
   IDATA SIZE       =   ----    ----
   BIT SIZE         =   ----    ----
END OF MODULE INFORMATION.


C51 COMPILATION COMPLETE.  0 WARNING(S),  0 ERROR(S)
