C51 COMPILER V9.52.0.0   RFID                                                              12/28/2014 16:40:36 PAGE 1   


C51 COMPILER V9.52.0.0, COMPILATION OF MODULE RFID
OBJECT MODULE PLACED IN RFID.OBJ
COMPILER INVOKED BY: C:\Keil\C51\BIN\C51.EXE RFID.c BROWSE DEBUG OBJECTEXTEND TABS(2)

line level    source

   1          #include<reg51.h>
   2          #include<lcd.h>
   3          sbit Relay = P3^2;
   4          sbit Buz = P3^4;
   5          //LCD Module Connections
   6          sbit RS = P0^0;                                                                   
   7          sbit EN = P0^1;                            
   8          sbit D0 = P2^0;
   9          sbit D1 = P2^1;
  10          sbit D2 = P2^2;
  11          sbit D3 = P2^3;
  12          sbit D4 = P2^4;
  13          sbit D5 = P2^5;
  14          sbit D6 = P2^6;
  15          sbit D7 = P2^7;
  16          
  17          sbit OPENM = P1^3; 
  18          sbit CLOSEM = P1^5; 
  19          
  20          unsigned char card_id[12];
  21          
  22            void Delay(int a)
  23             {
  24   1          int j;
  25   1          int i;
  26   1          for(i=0;i<a;i++)
  27   1          {
  28   2              for(j=0;j<100;j++)
  29   2              {
  30   3                
  31   3              }
  32   2          }
  33   1         }
  34          
  35             void recieve()     //Function to recieve data serialy from RS232 
  36             {
  37   1          unsigned char k;
  38   1           for(k=0;k<12;k++)
  39   1           { 
  40   2             while(RI==0); 
  41   2             card_id[k] = SBUF + 48;
  42   2               RI=0;
  43   2           }
  44   1        }
  45          
  46              void main()
  47              { 
  48   1            int l;
  49   1            Relay = 0;
  50   1            Buz = 1;
  51   1            TMOD=0x20;            //Enable Timer 1
  52   1            TH1=0XFD;
  53   1            SCON=0x50;
  54   1            TR1=1; 
  55   1            Lcd8_init();
C51 COMPILER V9.52.0.0   RFID                                                              12/28/2014 16:40:36 PAGE 2   

*** WARNING C206 IN LINE 55 OF RFID.c: 'Lcd8_init': missing function-prototype
  56   1            Lcd8_Set_Cursor(1,1);
  57   1            Lcd8_Write_String("Welcome to RFID ");
  58   1            Delay(1000);
  59   1            Lcd8_Set_Cursor(2,1);
  60   1            Lcd8_Write_String("Security System");
  61   1            Lcd8_Set_Cursor(1,1);
  62   1            Delay(1000);
  63   1            Lcd8_Clear();
  64   1            Lcd8_Write_String("PLZ Show Your RFID ");
  65   1            Delay(1000);
  66   1            Lcd8_Set_Cursor(2,1);
  67   1            Lcd8_Write_String("Card");
  68   1        
  69   1          while(1)
  70   1          {
  71   2               recieve(); 
  72   2               if(card_id[7] == 'N' && card_id[8] == 'J' && card_id[9] == 'J' && card_id[10] == 'N' && card_id[11] =
             -= '0')
  73   2               {
  74   3                  Lcd8_Clear();
  75   3                  Lcd8_Set_Cursor(1,1);
  76   3                  Lcd8_Write_String("ACCESS GRANTED ");
  77   3                  Relay = 1;
  78   3                  Delay(300);
  79   3                  Relay = 0;
  80   3                  Delay(300);
  81   3                  OPENM = 0;
  82   3                  Delay(600);
  83   3                  OPENM = 1;
  84   3                  Delay(300);
  85   3                  CLOSEM = 0;
  86   3                  Delay(600);
  87   3                  CLOSEM = 1;
  88   3                  Lcd8_Set_Cursor(2,1);
  89   3                  for(l=7;l<12;l++)
  90   3                  {  
  91   4                    Lcd8_Write_Char(card_id[l]);
  92   4                  }
  93   3               }
  94   2               else 
  95   2               {
  96   3                   Lcd8_Clear();
  97   3                   Lcd8_Set_Cursor(1,1);
  98   3                   Lcd8_Write_String("ACCESS DENIED ");
  99   3                   Relay = 0;
 100   3                   Delay(100);
 101   3                   Buz = 0; 
 102   3                   Delay(5000);
 103   3                   Buz = 1; 
 104   3                   Delay(200);
 105   3                   Lcd8_Set_Cursor(2,1);
 106   3                   for(l=7;l<12;l++)
 107   3                  {  
 108   4                   Lcd8_Write_Char(card_id[l]);
 109   4                  }
 110   3                  
 111   3               }
 112   2               Delay(2000);
 113   2               Lcd8_Clear();
 114   2               Lcd8_Write_String("PLZ Show Your RFID ");
 115   2               Delay(1000);
C51 COMPILER V9.52.0.0   RFID                                                              12/28/2014 16:40:36 PAGE 3   

 116   2               Lcd8_Set_Cursor(2,1);
 117   2               Lcd8_Write_String("Card");
 118   2            }
 119   1            
 120   1      }
*** WARNING C290 IN LINE 84 OF RFID.c: missing return value
*** WARNING C290 IN LINE 176 OF RFID.c: missing return value


MODULE INFORMATION:   STATIC OVERLAYABLE
   CODE SIZE        =    954    ----
   CONSTANT SIZE    =     89    ----
   XDATA SIZE       =   ----    ----
   PDATA SIZE       =   ----    ----
   DATA SIZE        =     12      17
   IDATA SIZE       =   ----    ----
   BIT SIZE         =   ----    ----
END OF MODULE INFORMATION.


C51 COMPILATION COMPLETE.  3 WARNING(S),  0 ERROR(S)
