

HI-TECH Software PICC Macro Assembler V9.50PL2
                                                      Fri Feb 20 14:45:40 2015


     1                           	processor	16F877A
     2                           	opt	pw 79
     3                           	psect	text0,local,class=CODE,delta=2
     4                           	psect	text1,local,class=CODE,delta=2
     5  0000                     
     6  0000                     
     7  0000                     
     8  0000                     
     9  0000                     
    10  0000                     
    11  0000                     
    12  0000                     
    13  0000                     
    14  0000                     
    15                           
    16                           	psect	text0
    17  07A2                     _DelayMs
    18                           ;	_cnt assigned to ?a_DelayMs+0
    19  0000                     _DelayMs$cnt	set	?a_DelayMs
    20                           ;	_i assigned to ?a_DelayMs+1
    21  0000                     _DelayMs$i	set	?a_DelayMs+1
    22                           ;	__dcnt assigned to ?a_DelayMs+2
    23  0000                     _DelayMs$_dcnt	set	?a_DelayMs+2
    24                           ;_cnt stored from w
    25  07A2  0183               	clrf	3	;select bank 0
    26  07A3  00A0               	movwf	?a_DelayMs
    27  07A4                     l4
    28                           ;delay.c: 10: void
    29                           ;delay.c: 22: i = 4;
    30  07A4  3004               	movlw	4
    31  07A5  00A1               	movwf	?a_DelayMs+1
    32  07A6                     l7
    33                           ;delay.c: 23: do {
    34                           ;delay.c: 24: { unsigned char _dcnt; _dcnt = (2
      +                          50)/((12*1000L)/(4*1000L))|1; while(--_dcnt != 
      +                          0) continue; };
    35  07A6  3053               	movlw	83
    36  07A7  00A2               	movwf	?a_DelayMs+2
    37  07A8                     l9
    38  07A8  0BA2               	decfsz	?a_DelayMs+2
    39  07A9  2FA8               	goto	l9
    40                           ;delay.c: 25: } while(--i);
    41  07AA  0BA1               	decfsz	?a_DelayMs+1
    42  07AB  2FA6               	goto	l7
    43                           ;delay.c: 26: } while(--cnt);
    44  07AC  0BA0               	decfsz	?a_DelayMs
    45  07AD  2FA4               	goto	l4
    46  07AE  0008               	return


HI-TECH Software PICC Macro Assembler V9.50PL2
Symbol Table                                          Fri Feb 20 14:45:40 2015

    ?a_DelayMs 0020              l4 07A4              l7 07A6  
            l9 07A8        _DelayMs 07A2          status 0003  
